Archive member included to satisfy reference by file (symbol)

/usr/bin/../lib/gcc/arm-none-eabi/7.3.1/thumb/v7-m/libgcc.a(_aeabi_uldivmod.o)
                              /tmp/ccvJG0qz.ltrans0.ltrans.o (__aeabi_uldivmod)
/usr/bin/../lib/gcc/arm-none-eabi/7.3.1/thumb/v7-m/libgcc.a(_udivmoddi4.o)
                              /usr/bin/../lib/gcc/arm-none-eabi/7.3.1/thumb/v7-m/libgcc.a(_aeabi_uldivmod.o) (__udivmoddi4)
/usr/bin/../lib/gcc/arm-none-eabi/7.3.1/thumb/v7-m/libgcc.a(_dvmd_tls.o)
                              /usr/bin/../lib/gcc/arm-none-eabi/7.3.1/thumb/v7-m/libgcc.a(_aeabi_uldivmod.o) (__aeabi_ldiv0)
/usr/bin/../lib/gcc/arm-none-eabi/7.3.1/../../../../arm-none-eabi/lib/thumb/v7-m/libg.a(lib_a-memcpy.o)
                              /tmp/ccvJG0qz.ltrans0.ltrans.o (memcpy)
/usr/bin/../lib/gcc/arm-none-eabi/7.3.1/../../../../arm-none-eabi/lib/thumb/v7-m/libg.a(lib_a-memset.o)
                              /tmp/ccvJG0qz.ltrans0.ltrans.o (memset)
/usr/bin/../lib/gcc/arm-none-eabi/7.3.1/../../../../arm-none-eabi/lib/thumb/v7-m/libg.a(lib_a-strcmp.o)
                              /tmp/ccvJG0qz.ltrans0.ltrans.o (strcmp)
/usr/bin/../lib/gcc/arm-none-eabi/7.3.1/../../../../arm-none-eabi/lib/thumb/v7-m/libg.a(lib_a-strncmp.o)
                              /tmp/ccvJG0qz.ltrans0.ltrans.o (strncmp)
/usr/bin/../lib/gcc/arm-none-eabi/7.3.1/../../../../arm-none-eabi/lib/thumb/v7-m/libg.a(lib_a-strncpy.o)
                              /tmp/ccvJG0qz.ltrans0.ltrans.o (strncpy)

Discarded input sections

 .data          0x0000000000000000        0x0 ./build/obj/crt0_v7m.o
 .bss           0x0000000000000000        0x0 ./build/obj/crt0_v7m.o
 .data          0x0000000000000000        0x0 ./build/obj/vectors.o
 .bss           0x0000000000000000        0x0 ./build/obj/vectors.o
 .data          0x0000000000000000        0x0 ./build/obj/chcoreasm_v7m.o
 .bss           0x0000000000000000        0x0 ./build/obj/chcoreasm_v7m.o
 .text          0x0000000000000000        0x0 /tmp/ccvJG0qz.ltrans0.ltrans.o
 .data          0x0000000000000000        0x0 /tmp/ccvJG0qz.ltrans0.ltrans.o
 .bss           0x0000000000000000        0x0 /tmp/ccvJG0qz.ltrans0.ltrans.o
 .text.st_lld_get_alarm
                0x0000000000000000        0xc /tmp/ccvJG0qz.ltrans0.ltrans.o
 .text.st_lld_is_alarm_active
                0x0000000000000000       0x18 /tmp/ccvJG0qz.ltrans0.ltrans.o
 .text.stGetAlarm
                0x0000000000000000        0xc /tmp/ccvJG0qz.ltrans0.ltrans.o
 .text.stIsAlarmActive
                0x0000000000000000        0xc /tmp/ccvJG0qz.ltrans0.ltrans.o
 .text.queue_init.lto_priv.89
                0x0000000000000000       0x14 /tmp/ccvJG0qz.ltrans0.ltrans.o
 .text.chSysLock.lto_priv.29
                0x0000000000000000       0x18 /tmp/ccvJG0qz.ltrans0.ltrans.o
 .text.chSysUnlock.lto_priv.7
                0x0000000000000000       0x18 /tmp/ccvJG0qz.ltrans0.ltrans.o
 .text.chThdQueueObjectInit.lto_priv.86
                0x0000000000000000       0x14 /tmp/ccvJG0qz.ltrans0.ltrans.o
 .text.osalSysLock.lto_priv.163
                0x0000000000000000        0x8 /tmp/ccvJG0qz.ltrans0.ltrans.o
 .text.osalSysUnlock.lto_priv.158
                0x0000000000000000        0x8 /tmp/ccvJG0qz.ltrans0.ltrans.o
 .text.osalThreadQueueObjectInit.lto_priv.180
                0x0000000000000000       0x14 /tmp/ccvJG0qz.ltrans0.ltrans.o
 .text.osalThreadEnqueueTimeoutS.lto_priv.178
                0x0000000000000000       0x1c /tmp/ccvJG0qz.ltrans0.ltrans.o
 .text.osalThreadDequeueNextI.lto_priv.176
                0x0000000000000000       0x18 /tmp/ccvJG0qz.ltrans0.ltrans.o
 .text.osalThreadDequeueAllI.lto_priv.174
                0x0000000000000000       0x18 /tmp/ccvJG0qz.ltrans0.ltrans.o
 .text.ibqObjectInit
                0x0000000000000000       0x94 /tmp/ccvJG0qz.ltrans0.ltrans.o
 .text.ibqResetI
                0x0000000000000000       0x40 /tmp/ccvJG0qz.ltrans0.ltrans.o
 .text.ibqGetEmptyBufferI
                0x0000000000000000       0x40 /tmp/ccvJG0qz.ltrans0.ltrans.o
 .text.ibqPostFullBufferI
                0x0000000000000000       0x6c /tmp/ccvJG0qz.ltrans0.ltrans.o
 .text.ibqGetFullBufferTimeout
                0x0000000000000000       0x24 /tmp/ccvJG0qz.ltrans0.ltrans.o
 .text.ibqGetFullBufferTimeoutS
                0x0000000000000000       0x60 /tmp/ccvJG0qz.ltrans0.ltrans.o
 .text.ibqReleaseEmptyBuffer
                0x0000000000000000       0x1c /tmp/ccvJG0qz.ltrans0.ltrans.o
 .text.ibqReleaseEmptyBufferS
                0x0000000000000000       0x54 /tmp/ccvJG0qz.ltrans0.ltrans.o
 .text.ibqGetTimeout
                0x0000000000000000       0x60 /tmp/ccvJG0qz.ltrans0.ltrans.o
 .text.ibqReadTimeout
                0x0000000000000000       0xf0 /tmp/ccvJG0qz.ltrans0.ltrans.o
 .text.obqObjectInit
                0x0000000000000000       0x94 /tmp/ccvJG0qz.ltrans0.ltrans.o
 .text.obqResetI
                0x0000000000000000       0x40 /tmp/ccvJG0qz.ltrans0.ltrans.o
 .text.obqGetFullBufferI
[...]
Memory Configuration

Name             Origin             Length             Attributes
flash0           0x0000000008000000 0x0000000000020000 xr
flash1           0x0000000000000000 0x0000000000000000 xr
flash2           0x0000000000000000 0x0000000000000000 xr
flash3           0x0000000000000000 0x0000000000000000 xr
flash4           0x0000000000000000 0x0000000000000000 xr
flash5           0x0000000000000000 0x0000000000000000 xr
flash6           0x0000000000000000 0x0000000000000000 xr
flash7           0x0000000000000000 0x0000000000000000 xr
ram0             0x0000000020000000 0x0000000000005000 xw
ram1             0x0000000000000000 0x0000000000000000 xw
ram2             0x0000000000000000 0x0000000000000000 xw
ram3             0x0000000000000000 0x0000000000000000 xw
ram4             0x0000000000000000 0x0000000000000000 xw
ram5             0x0000000000000000 0x0000000000000000 xw
ram6             0x0000000000000000 0x0000000000000000 xw
ram7             0x0000000000000000 0x0000000000000000 xw
*default*        0x0000000000000000 0xffffffffffffffff

Linker script and memory map

LOAD ./build/obj/crt0_v7m.o
LOAD ./build/obj/vectors.o
LOAD ./build/obj/chcoreasm_v7m.o
LOAD /tmp/ccvJG0qz.ltrans0.ltrans.o

.mstack         0x0000000020000000      0x400
                0x0000000020000000                . = ALIGN (0x8)
                0x0000000020000000                __main_stack_base__ = .
                0x0000000020000400                . = (. + __main_stack_size__)
 *fill*         0x0000000020000000      0x400 
                0x0000000020000400                . = ALIGN (0x8)
                0x0000000020000400                __main_stack_end__ = .

.pstack         0x0000000020000400      0x400
                0x0000000020000400                . = ALIGN (0x8)
                0x0000000020000400                __process_stack_base__ = .
                0x0000000020000400                __main_thread_stack_base__ = .
                0x0000000020000800                . = (. + __process_stack_size__)
 *fill*         0x0000000020000400      0x400 
                0x0000000020000800                . = ALIGN (0x8)
                0x0000000020000800                __process_stack_end__ = .
                0x0000000020000800                __main_thread_stack_end__ = .

.vectors        0x0000000008000000      0x160
 *(.vectors)
 .vectors       0x0000000008000000      0x160 ./build/obj/vectors.o
                0x0000000008000000                _vectors

.xtors          0x0000000008000160        0x0
                0x0000000008000160                __init_array_base__ = .
 *(SORT_BY_NAME(.init_array.*))
 *(.init_array)
                0x0000000008000160                __init_array_end__ = .
                0x0000000008000160                __fini_array_base__ = .
 *(.fini_array)
 *(SORT_BY_NAME(.fini_array.*))
                0x0000000008000160                __fini_array_end__ = .

.text           0x0000000008000160     0x4888
                0x0000000008000160                __text_base__ = .
 *(.text)
 .text          0x0000000008000160       0xd8 ./build/obj/crt0_v7m.o
                0x0000000008000160                _crt0_entry
 .text          0x0000000008000238        0x8 ./build/obj/vectors.o
                0x0000000008000238                Reset_Handler
                0x000000000800023a                Vector58
                0x000000000800023a                VectorE8
                0x000000000800023a                Vector9C
                0x000000000800023a                VectorAC
                0x000000000800023a                DebugMon_Handler
                0x000000000800023a                Vector5C
                0x000000000800023a                Vector11C
                0x000000000800023a                HardFault_Handler
                0x000000000800023a                Vector8C
                0x000000000800023a                SysTick_Handler
                0x000000000800023a                VectorDC
                0x000000000800023a                PendSV_Handler
                0x000000000800023a                NMI_Handler
                0x000000000800023a                Vector110
                0x000000000800023a                Vector120
                0x000000000800023a                VectorC8
                0x000000000800023a                Vector94
                0x000000000800023a                VectorA8
                0x000000000800023a                VectorB4
                0x000000000800023a                UsageFault_Handler
                0x000000000800023a                VectorEC
                0x000000000800023a                Vector40
                0x000000000800023a                VectorF8
                0x000000000800023a                Vector108
                0x000000000800023a                VectorBC
                0x000000000800023a                Vector150
                0x000000000800023a                Vector124
                0x000000000800023a                Vector148
                0x000000000800023a                Vector118
                0x000000000800023a                Vector64
                0x000000000800023a                VectorCC
                0x000000000800023a                Vector54
                0x000000000800023a                Vector98
                0x000000000800023a                Vector138
                0x000000000800023a                Vector24
                0x000000000800023a                VectorD0
                0x000000000800023a                Vector140
                0x000000000800023a                VectorE4
                0x000000000800023a                VectorC0
                0x000000000800023a                Vector158
                0x000000000800023a                Vector130
                0x000000000800023a                Vector134
                0x000000000800023a                VectorF0
                0x000000000800023a                Vector12C
                0x000000000800023a                Vector13C
                0x000000000800023a                Vector100
                0x000000000800023a                VectorE0
                0x000000000800023a                VectorF4
                0x000000000800023a                MemManage_Handler
                0x000000000800023a                VectorA0
                0x000000000800023a                VectorC4
                0x000000000800023a                Vector90
                0x000000000800023a                Vector114
                0x000000000800023a                Vector60
                0x000000000800023a                Vector1C
                0x000000000800023a                Vector48
                0x000000000800023a                VectorD4
                0x000000000800023a                Vector4C
                0x000000000800023a                Vector144
                0x000000000800023a                Vector15C
                0x000000000800023a                Vector68
                0x000000000800023a                Vector88
                0x000000000800023a                Vector104
                0x000000000800023a                Vector10C
                0x000000000800023a                Vector14C
                0x000000000800023a                BusFault_Handler
                0x000000000800023a                Vector50
                0x000000000800023a                Vector154
                0x000000000800023a                Vector44
                0x000000000800023a                Vector28
                0x000000000800023a                VectorB8
                0x000000000800023a                VectorFC
                0x000000000800023a                Vector34
                0x000000000800023a                Vector128
                0x000000000800023a                VectorA4
                0x000000000800023a                Vector20
                0x000000000800023e                _unhandled_exception
 .text          0x0000000008000240       0x36 ./build/obj/chcoreasm_v7m.o
                0x0000000008000240                _port_switch
                0x0000000008000250                _port_thread_start
                0x0000000008000266                _port_switch_from_isr
                0x0000000008000272                _port_exit_from_isr
 *fill*         0x0000000008000276        0x2 
 .text          0x0000000008000278       0x30 /usr/bin/../lib/gcc/arm-none-eabi/7.3.1/thumb/v7-m/libgcc.a(_aeabi_uldivmod.o)
                0x0000000008000278                __aeabi_uldivmod
 .text          0x00000000080002a8      0x2d0 /usr/bin/../lib/gcc/arm-none-eabi/7.3.1/thumb/v7-m/libgcc.a(_udivmoddi4.o)
                0x00000000080002a8                __udivmoddi4
 .text          0x0000000008000578        0x4 /usr/bin/../lib/gcc/arm-none-eabi/7.3.1/thumb/v7-m/libgcc.a(_dvmd_tls.o)
                0x0000000008000578                __aeabi_ldiv0
                0x0000000008000578                __aeabi_idiv0
 .text          0x000000000800057c       0xec /usr/bin/../lib/gcc/arm-none-eabi/7.3.1/../../../../arm-none-eabi/lib/thumb/v7-m/libg.a(lib_a-memcpy.o)
                0x000000000800057c                memcpy
 *(.text.*)
 *fill*         0x0000000008000668        0x8 
 .text.__core_init
                0x0000000008000670        0x4 /tmp/ccvJG0qz.ltrans0.ltrans.o
                0x0000000008000670                __core_init
 *fill*         0x0000000008000674        0xc 
 .text.__late_init
                0x0000000008000680        0x4 /tmp/ccvJG0qz.ltrans0.ltrans.o
                0x0000000008000680                __late_init
 *fill*         0x0000000008000684        0xc 
 .text.__default_exit
                0x0000000008000690        0x4 /tmp/ccvJG0qz.ltrans0.ltrans.o
                0x0000000008000690                __default_exit
 *fill*         0x0000000008000694        0xc 
 .text.__init_ram_areas
                0x00000000080006a0       0x64 /tmp/ccvJG0qz.ltrans0.ltrans.o
                0x00000000080006a0                __init_ram_areas
 *fill*         0x0000000008000704        0xc 
 .text.osalInit
                0x0000000008000710        0x4 /tmp/ccvJG0qz.ltrans0.ltrans.o
 *fill*         0x0000000008000714        0xc 
 .text.halInit  0x0000000008000720       0x28 /tmp/ccvJG0qz.ltrans0.ltrans.o
 *fill*         0x0000000008000748        0x8 
 .text.st_lld_get_counter
                0x0000000008000750        0xc /tmp/ccvJG0qz.ltrans0.ltrans.o
 *fill*         0x000000000800075c        0x4 
 .text.st_lld_start_alarm
                0x0000000008000760       0x28 /tmp/ccvJG0qz.ltrans0.ltrans.o
 *fill*         0x0000000008000788        0x8 
 .text.st_lld_stop_alarm
                0x0000000008000790        0xc /tmp/ccvJG0qz.ltrans0.ltrans.o
 *fill*         0x000000000800079c        0x4 
 .text.st_lld_set_alarm
                0x00000000080007a0       0x18 /tmp/ccvJG0qz.ltrans0.ltrans.o
 *fill*         0x00000000080007b8        0x8 
 .text.stInit   0x00000000080007c0        0x8 /tmp/ccvJG0qz.ltrans0.ltrans.o
 *fill*         0x00000000080007c8        0x8 
 .text.stStartAlarm
                0x00000000080007d0       0x1c /tmp/ccvJG0qz.ltrans0.ltrans.o
 *fill*         0x00000000080007ec        0x4 
 .text.stStopAlarm
                0x00000000080007f0        0x8 /tmp/ccvJG0qz.ltrans0.ltrans.o
 *fill*         0x00000000080007f8        0x8 
 .text.stSetAlarm
                0x0000000008000800       0x1c /tmp/ccvJG0qz.ltrans0.ltrans.o
 *fill*         0x000000000800081c        0x4 
 .text.stGetCounter
                0x0000000008000820        0xc /tmp/ccvJG0qz.ltrans0.ltrans.o
 *fill*         0x000000000800082c        0x4 
 .text.queue_init.lto_priv.90
                0x0000000008000830       0x14 /tmp/ccvJG0qz.ltrans0.ltrans.o
 *fill*         0x0000000008000844        0xc 
 .text.chSysLock.lto_priv.30
                0x0000000008000850       0x18 /tmp/ccvJG0qz.ltrans0.ltrans.o
 *fill*         0x0000000008000868        0x8 
 .text.chSysUnlock.lto_priv.8
                0x0000000008000870       0x18 /tmp/ccvJG0qz.ltrans0.ltrans.o
 *fill*         0x0000000008000888        0x8 
 .text.chThdQueueObjectInit.lto_priv.87
                0x0000000008000890       0x14 /tmp/ccvJG0qz.ltrans0.ltrans.o
 *fill*         0x00000000080008a4        0xc 
 .text.osalSysLock.lto_priv.164
                0x00000000080008b0        0x8 /tmp/ccvJG0qz.ltrans0.ltrans.o
 *fill*         0x00000000080008b8        0x8 
 .text.osalSysUnlock.lto_priv.159
                0x00000000080008c0        0x8 /tmp/ccvJG0qz.ltrans0.ltrans.o
 *fill*         0x00000000080008c8        0x8 
 .text.osalThreadQueueObjectInit.lto_priv.181
                0x00000000080008d0       0x14 /tmp/ccvJG0qz.ltrans0.ltrans.o
 *fill*         0x00000000080008e4        0xc 
 .text.osalThreadEnqueueTimeoutS.lto_priv.179
                0x00000000080008f0       0x1c /tmp/ccvJG0qz.ltrans0.ltrans.o
 *fill*         0x000000000800090c        0x4 
 .text.osalThreadDequeueNextI.lto_priv.177
                0x0000000008000910       0x18 /tmp/ccvJG0qz.ltrans0.ltrans.o
 *fill*         0x0000000008000928        0x8 
 .text.iq_read  0x0000000008000930       0xcc /tmp/ccvJG0qz.ltrans0.ltrans.o
 *fill*         0x00000000080009fc        0x4 
 .text.oq_write
                0x0000000008000a00       0xcc /tmp/ccvJG0qz.ltrans0.ltrans.o
 *fill*         0x0000000008000acc        0x4 
 .text.iqObjectInit
                0x0000000008000ad0       0x48 /tmp/ccvJG0qz.ltrans0.ltrans.o
 *fill*         0x0000000008000b18        0x8 
 .text.iqPutI   0x0000000008000b20       0x84 /tmp/ccvJG0qz.ltrans0.ltrans.o
 *fill*         0x0000000008000ba4        0xc 
 .text.iqGetTimeout
                0x0000000008000bb0       0x80 /tmp/ccvJG0qz.ltrans0.ltrans.o
 .text.iqReadTimeout
                0x0000000008000c30       0x90 /tmp/ccvJG0qz.ltrans0.ltrans.o
 .text.oqObjectInit
                0x0000000008000cc0       0x48 /tmp/ccvJG0qz.ltrans0.ltrans.o
 *fill*         0x0000000008000d08        0x8 
 .text.oqPutTimeout
                0x0000000008000d10       0x84 /tmp/ccvJG0qz.ltrans0.ltrans.o
 *fill*         0x0000000008000d94        0xc 
 .text.oqGetI   0x0000000008000da0       0x80 /tmp/ccvJG0qz.ltrans0.ltrans.o
 .text.oqWriteTimeout
                0x0000000008000e20       0x90 /tmp/ccvJG0qz.ltrans0.ltrans.o
 .text.chEvtObjectInit
                0x0000000008000eb0       0x10 /tmp/ccvJG0qz.ltrans0.ltrans.o
 .text.osalEventObjectInit
                0x0000000008000ec0       0x14 /tmp/ccvJG0qz.ltrans0.ltrans.o
 *fill*         0x0000000008000ed4        0xc 
 .text.osalEventBroadcastFlagsI.lto_priv.146
                0x0000000008000ee0       0x18 /tmp/ccvJG0qz.ltrans0.ltrans.o
 *fill*         0x0000000008000ef8        0x8 
 .text._write   0x0000000008000f00       0x28 /tmp/ccvJG0qz.ltrans0.ltrans.o
 *fill*         0x0000000008000f28        0x8 
 .text._read    0x0000000008000f30       0x28 /tmp/ccvJG0qz.ltrans0.ltrans.o
 *fill*         0x0000000008000f58        0x8 
 .text._put     0x0000000008000f60       0x28 /tmp/ccvJG0qz.ltrans0.ltrans.o
 *fill*         0x0000000008000f88        0x8 
 .text._get     0x0000000008000f90       0x20 /tmp/ccvJG0qz.ltrans0.ltrans.o
 .text._putt    0x0000000008000fb0       0x28 /tmp/ccvJG0qz.ltrans0.ltrans.o
 *fill*         0x0000000008000fd8        0x8 
 .text._gett    0x0000000008000fe0       0x20 /tmp/ccvJG0qz.ltrans0.ltrans.o
 .text._writet  0x0000000008001000       0x28 /tmp/ccvJG0qz.ltrans0.ltrans.o
 *fill*         0x0000000008001028        0x8 
 .text._readt   0x0000000008001030       0x28 /tmp/ccvJG0qz.ltrans0.ltrans.o
 *fill*         0x0000000008001058        0x8 
 .text._ctl     0x0000000008001060       0x44 /tmp/ccvJG0qz.ltrans0.ltrans.o
 *fill*         0x00000000080010a4        0xc 
 .text.sdInit   0x00000000080010b0        0x8 /tmp/ccvJG0qz.ltrans0.ltrans.o
 *fill*         0x00000000080010b8        0x8 
 .text.sdObjectInit
                0x00000000080010c0       0x5c /tmp/ccvJG0qz.ltrans0.ltrans.o
 *fill*         0x000000000800111c        0x4 
 .text.sdIncomingDataI
                0x0000000008001120       0x60 /tmp/ccvJG0qz.ltrans0.ltrans.o
 .text.chSysLock.lto_priv.32
                0x0000000008001180       0x18 /tmp/ccvJG0qz.ltrans0.ltrans.o
 *fill*         0x0000000008001198        0x8 
 .text.chSysUnlock.lto_priv.10
                0x00000000080011a0       0x18 /tmp/ccvJG0qz.ltrans0.ltrans.o
 *fill*         0x00000000080011b8        0x8 
 .text.osalSysLock.lto_priv.166
                0x00000000080011c0        0x8 /tmp/ccvJG0qz.ltrans0.ltrans.o
 *fill*         0x00000000080011c8        0x8 
 .text.osalSysUnlock.lto_priv.161
                0x00000000080011d0        0x8 /tmp/ccvJG0qz.ltrans0.ltrans.o
 *fill*         0x00000000080011d8        0x8 
 .text.osalThreadSuspendS
                0x00000000080011e0       0x1c /tmp/ccvJG0qz.ltrans0.ltrans.o
 *fill*         0x00000000080011fc        0x4 
 .text.osalMutexObjectInit
                0x0000000008001200       0x14 /tmp/ccvJG0qz.ltrans0.ltrans.o
 *fill*         0x0000000008001214        0xc 
 .text.spiInit  0x0000000008001220        0x8 /tmp/ccvJG0qz.ltrans0.ltrans.o
 *fill*         0x0000000008001228        0x8 
 .text.spiObjectInit
                0x0000000008001230       0x28 /tmp/ccvJG0qz.ltrans0.ltrans.o
 *fill*         0x0000000008001258        0x8 
 .text.spiStart
                0x0000000008001260       0x40 /tmp/ccvJG0qz.ltrans0.ltrans.o
 .text.spiSelect
                0x00000000080012a0       0x38 /tmp/ccvJG0qz.ltrans0.ltrans.o
 *fill*         0x00000000080012d8        0x8 
 .text.spiUnselect
                0x00000000080012e0       0x38 /tmp/ccvJG0qz.ltrans0.ltrans.o
 *fill*         0x0000000008001318        0x8 
 .text.spiSend  0x0000000008001320       0x68 /tmp/ccvJG0qz.ltrans0.ltrans.o
 *fill*         0x0000000008001388        0x8 
 .text.spiReceive
                0x0000000008001390       0x68 /tmp/ccvJG0qz.ltrans0.ltrans.o
 *fill*         0x00000000080013f8        0x8 
 .text.nvicEnableVector
                0x0000000008001400       0x54 /tmp/ccvJG0qz.ltrans0.ltrans.o
 *fill*         0x0000000008001454        0xc 
 .text.irqInit  0x0000000008001460       0x3c /tmp/ccvJG0qz.ltrans0.ltrans.o
 *fill*         0x000000000800149c        0x4 
 .text.hal_lld_backup_domain_init
                0x00000000080014a0       0x14 /tmp/ccvJG0qz.ltrans0.ltrans.o
 *fill*         0x00000000080014b4        0xc 
 .text.hal_lld_init
                0x00000000080014c0       0x68 /tmp/ccvJG0qz.ltrans0.ltrans.o
 *fill*         0x0000000008001528        0x8 
 .text.stm32_clock_init
                0x0000000008001530       0x8c /tmp/ccvJG0qz.ltrans0.ltrans.o
 *fill*         0x00000000080015bc        0x4 
 .text.Vector6C
                0x00000000080015c0       0x1c /tmp/ccvJG0qz.ltrans0.ltrans.o
                0x00000000080015c0                Vector6C
 *fill*         0x00000000080015dc        0x4 
 .text.Vector70
                0x00000000080015e0       0x1c /tmp/ccvJG0qz.ltrans0.ltrans.o
                0x00000000080015e0                Vector70
 *fill*         0x00000000080015fc        0x4 
 .text.Vector74
                0x0000000008001600       0x1c /tmp/ccvJG0qz.ltrans0.ltrans.o
                0x0000000008001600                Vector74
 *fill*         0x000000000800161c        0x4 
 .text.Vector78
                0x0000000008001620       0x1c /tmp/ccvJG0qz.ltrans0.ltrans.o
                0x0000000008001620                Vector78
 *fill*         0x000000000800163c        0x4 
 .text.Vector7C
                0x0000000008001640       0x1c /tmp/ccvJG0qz.ltrans0.ltrans.o
                0x0000000008001640                Vector7C
 *fill*         0x000000000800165c        0x4 
 .text.Vector80
                0x0000000008001660       0x1c /tmp/ccvJG0qz.ltrans0.ltrans.o
                0x0000000008001660                Vector80
 *fill*         0x000000000800167c        0x4 
 .text.Vector84
                0x0000000008001680       0x1c /tmp/ccvJG0qz.ltrans0.ltrans.o
                0x0000000008001680                Vector84
 *fill*         0x000000000800169c        0x4 
 .text.dmaInit  0x00000000080016a0       0x54 /tmp/ccvJG0qz.ltrans0.ltrans.o
 *fill*         0x00000000080016f4        0xc 
 .text.dmaStreamAllocI
                0x0000000008001700      0x110 /tmp/ccvJG0qz.ltrans0.ltrans.o
 .text.dmaServeInterrupt
                0x0000000008001810       0x70 /tmp/ccvJG0qz.ltrans0.ltrans.o
 .text._pal_lld_init
                0x0000000008001880       0xa8 /tmp/ccvJG0qz.ltrans0.ltrans.o
 *fill*         0x0000000008001928        0x8 
 .text._pal_lld_setgroupmode
                0x0000000008001930       0xcc /tmp/ccvJG0qz.ltrans0.ltrans.o
 *fill*         0x00000000080019fc        0x4 
 .text.chSysLockFromISR.lto_priv.133
                0x0000000008001a00       0x18 /tmp/ccvJG0qz.ltrans0.ltrans.o
 *fill*         0x0000000008001a18        0x8 
 .text.chSysUnlockFromISR.lto_priv.128
                0x0000000008001a20       0x18 /tmp/ccvJG0qz.ltrans0.ltrans.o
 *fill*         0x0000000008001a38        0x8 
 .text.osalSysHalt
                0x0000000008001a40       0x14 /tmp/ccvJG0qz.ltrans0.ltrans.o
 *fill*         0x0000000008001a54        0xc 
 .text.osalSysLockFromISR.lto_priv.151
                0x0000000008001a60        0x8 /tmp/ccvJG0qz.ltrans0.ltrans.o
 *fill*         0x0000000008001a68        0x8 
 .text.osalSysUnlockFromISR.lto_priv.148
                0x0000000008001a70        0x8 /tmp/ccvJG0qz.ltrans0.ltrans.o
 *fill*         0x0000000008001a78        0x8 
 .text.osalThreadResumeI.lto_priv.155
                0x0000000008001a80       0x18 /tmp/ccvJG0qz.ltrans0.ltrans.o
 *fill*         0x0000000008001a98        0x8 
 .text.spi_lld_serve_rx_interrupt
                0x0000000008001aa0      0x11c /tmp/ccvJG0qz.ltrans0.ltrans.o
 *fill*         0x0000000008001bbc        0x4 
 .text.spi_lld_serve_tx_interrupt
                0x0000000008001bc0       0x24 /tmp/ccvJG0qz.ltrans0.ltrans.o
 *fill*         0x0000000008001be4        0xc 
 .text.spi_lld_init
                0x0000000008001bf0       0x34 /tmp/ccvJG0qz.ltrans0.ltrans.o
 *fill*         0x0000000008001c24        0xc 
 .text.spi_lld_start
                0x0000000008001c30      0x148 /tmp/ccvJG0qz.ltrans0.ltrans.o
 *fill*         0x0000000008001d78        0x8 
 .text.spi_lld_send
                0x0000000008001d80       0x7c /tmp/ccvJG0qz.ltrans0.ltrans.o
 *fill*         0x0000000008001dfc        0x4 
 .text.spi_lld_receive
                0x0000000008001e00       0x7c /tmp/ccvJG0qz.ltrans0.ltrans.o
 *fill*         0x0000000008001e7c        0x4 
 .text.chSysLockFromISR.lto_priv.134
                0x0000000008001e80       0x18 /tmp/ccvJG0qz.ltrans0.ltrans.o
 *fill*         0x0000000008001e98        0x8 
 .text.chSysUnlockFromISR.lto_priv.129
                0x0000000008001ea0       0x18 /tmp/ccvJG0qz.ltrans0.ltrans.o
 *fill*         0x0000000008001eb8        0x8 
 .text.osalSysLockFromISR.lto_priv.152
                0x0000000008001ec0        0x8 /tmp/ccvJG0qz.ltrans0.ltrans.o
 *fill*         0x0000000008001ec8        0x8 
 .text.osalSysUnlockFromISR.lto_priv.149
                0x0000000008001ed0        0x8 /tmp/ccvJG0qz.ltrans0.ltrans.o
 *fill*         0x0000000008001ed8        0x8 
 .text.osalOsTimerHandlerI
                0x0000000008001ee0        0x8 /tmp/ccvJG0qz.ltrans0.ltrans.o
 *fill*         0x0000000008001ee8        0x8 
 .text.VectorB0
                0x0000000008001ef0       0x14 /tmp/ccvJG0qz.ltrans0.ltrans.o
                0x0000000008001ef0                VectorB0
 *fill*         0x0000000008001f04        0xc 
 .text.st_lld_init
                0x0000000008001f10       0x74 /tmp/ccvJG0qz.ltrans0.ltrans.o
 *fill*         0x0000000008001f84        0xc 
 .text.st_lld_serve_interrupt
                0x0000000008001f90       0x40 /tmp/ccvJG0qz.ltrans0.ltrans.o
 .text.chSysLockFromISR.lto_priv.135
                0x0000000008001fd0       0x18 /tmp/ccvJG0qz.ltrans0.ltrans.o
 *fill*         0x0000000008001fe8        0x8 
 .text.chSysUnlockFromISR.lto_priv.130
                0x0000000008001ff0       0x18 /tmp/ccvJG0qz.ltrans0.ltrans.o
 *fill*         0x0000000008002008        0x8 
 .text.osalSysLockFromISR.lto_priv.153
                0x0000000008002010        0x8 /tmp/ccvJG0qz.ltrans0.ltrans.o
 *fill*         0x0000000008002018        0x8 
 .text.osalSysUnlockFromISR.lto_priv.150
                0x0000000008002020        0x8 /tmp/ccvJG0qz.ltrans0.ltrans.o
 *fill*         0x0000000008002028        0x8 
 .text.osalEventBroadcastFlagsI.lto_priv.147
                0x0000000008002030       0x18 /tmp/ccvJG0qz.ltrans0.ltrans.o
 *fill*         0x0000000008002048        0x8 
 .text.set_error
                0x0000000008002050       0x74 /tmp/ccvJG0qz.ltrans0.ltrans.o
 *fill*         0x00000000080020c4        0xc 
 .text.serve_interrupt
                0x00000000080020d0      0x15c /tmp/ccvJG0qz.ltrans0.ltrans.o
 *fill*         0x000000000800222c        0x4 
 .text.notify2  0x0000000008002230       0x18 /tmp/ccvJG0qz.ltrans0.ltrans.o
 *fill*         0x0000000008002248        0x8 
 .text.VectorD8
                0x0000000008002250       0x1c /tmp/ccvJG0qz.ltrans0.ltrans.o
                0x0000000008002250                VectorD8
 *fill*         0x000000000800226c        0x4 
 .text.sd_lld_init
                0x0000000008002270       0x20 /tmp/ccvJG0qz.ltrans0.ltrans.o
 .text.__early_init
                0x0000000008002290        0x8 /tmp/ccvJG0qz.ltrans0.ltrans.o
                0x0000000008002290                __early_init
 *fill*         0x0000000008002298        0x8 
 .text.boardInit
                0x00000000080022a0        0x4 /tmp/ccvJG0qz.ltrans0.ltrans.o
 *fill*         0x00000000080022a4        0xc 
 .text.chTimeAddX.lto_priv.142
                0x00000000080022b0       0x34 /tmp/ccvJG0qz.ltrans0.ltrans.o
 *fill*         0x00000000080022e4        0xc 
 .text.chTimeDiffX.lto_priv.125
                0x00000000080022f0       0x24 /tmp/ccvJG0qz.ltrans0.ltrans.o
 *fill*         0x0000000008002314        0xc 
 .text.port_timer_stop_alarm.lto_priv.140
                0x0000000008002320        0x8 /tmp/ccvJG0qz.ltrans0.ltrans.o
 *fill*         0x0000000008002328        0x8 
 .text.port_timer_set_alarm.lto_priv.138
                0x0000000008002330       0x1c /tmp/ccvJG0qz.ltrans0.ltrans.o
 *fill*         0x000000000800234c        0x4 
 .text.port_timer_get_time.lto_priv.51
                0x0000000008002350        0xc /tmp/ccvJG0qz.ltrans0.ltrans.o
 *fill*         0x000000000800235c        0x4 
 .text.chSysEnable
                0x0000000008002360       0x1c /tmp/ccvJG0qz.ltrans0.ltrans.o
 *fill*         0x000000000800237c        0x4 
 .text.chSysLockFromISR.lto_priv.136
                0x0000000008002380       0x18 /tmp/ccvJG0qz.ltrans0.ltrans.o
 *fill*         0x0000000008002398        0x8 
 .text.chSysUnlockFromISR.lto_priv.131
                0x00000000080023a0       0x18 /tmp/ccvJG0qz.ltrans0.ltrans.o
 *fill*         0x00000000080023b8        0x8 
 .text.chVTGetSystemTimeX.lto_priv.2
                0x00000000080023c0        0xc /tmp/ccvJG0qz.ltrans0.ltrans.o
 *fill*         0x00000000080023cc        0x4 
 .text.chVTDoTickI
                0x00000000080023d0      0x11c /tmp/ccvJG0qz.ltrans0.ltrans.o
 *fill*         0x00000000080024ec        0x4 
 .text._oslib_init
                0x00000000080024f0       0x10 /tmp/ccvJG0qz.ltrans0.ltrans.o
 .text._idle_thread
                0x0000000008002500        0x8 /tmp/ccvJG0qz.ltrans0.ltrans.o
 *fill*         0x0000000008002508        0x8 
 .text.chSysInit
                0x0000000008002510       0x60 /tmp/ccvJG0qz.ltrans0.ltrans.o
 .text.chSysHalt
                0x0000000008002570       0x14 /tmp/ccvJG0qz.ltrans0.ltrans.o
 *fill*         0x0000000008002584        0xc 
 .text.chSysTimerHandlerI
                0x0000000008002590        0xc /tmp/ccvJG0qz.ltrans0.ltrans.o
 *fill*         0x000000000800259c        0x4 
 .text._dbg_check_enable
                0x00000000080025a0       0x24 /tmp/ccvJG0qz.ltrans0.ltrans.o
 *fill*         0x00000000080025c4        0xc 
 .text._dbg_check_lock
                0x00000000080025d0       0x28 /tmp/ccvJG0qz.ltrans0.ltrans.o
                0x00000000080025d0                _dbg_check_lock
 *fill*         0x00000000080025f8        0x8 
 .text._dbg_check_unlock
                0x0000000008002600       0x28 /tmp/ccvJG0qz.ltrans0.ltrans.o
                0x0000000008002600                _dbg_check_unlock
 *fill*         0x0000000008002628        0x8 
 .text._dbg_check_lock_from_isr
                0x0000000008002630       0x28 /tmp/ccvJG0qz.ltrans0.ltrans.o
 *fill*         0x0000000008002658        0x8 
 .text._dbg_check_unlock_from_isr
                0x0000000008002660       0x28 /tmp/ccvJG0qz.ltrans0.ltrans.o
 *fill*         0x0000000008002688        0x8 
 .text._dbg_check_enter_isr
                0x0000000008002690       0x48 /tmp/ccvJG0qz.ltrans0.ltrans.o
 *fill*         0x00000000080026d8        0x8 
 .text._dbg_check_leave_isr
                0x00000000080026e0       0x48 /tmp/ccvJG0qz.ltrans0.ltrans.o
 *fill*         0x0000000008002728        0x8 
 .text.chDbgCheckClassI
                0x0000000008002730       0x24 /tmp/ccvJG0qz.ltrans0.ltrans.o
 *fill*         0x0000000008002754        0xc 
 .text.chDbgCheckClassS
                0x0000000008002760       0x24 /tmp/ccvJG0qz.ltrans0.ltrans.o
 *fill*         0x0000000008002784        0xc 
 .text.chTimeAddX.lto_priv.143
                0x0000000008002790       0x34 /tmp/ccvJG0qz.ltrans0.ltrans.o
 *fill*         0x00000000080027c4        0xc 
 .text.chTimeDiffX.lto_priv.126
                0x00000000080027d0       0x24 /tmp/ccvJG0qz.ltrans0.ltrans.o
 *fill*         0x00000000080027f4        0xc 
 .text.port_timer_start_alarm
                0x0000000008002800       0x1c /tmp/ccvJG0qz.ltrans0.ltrans.o
 *fill*         0x000000000800281c        0x4 
 .text.port_timer_stop_alarm.lto_priv.141
                0x0000000008002820        0x8 /tmp/ccvJG0qz.ltrans0.ltrans.o
 *fill*         0x0000000008002828        0x8 
 .text.port_timer_set_alarm.lto_priv.139
                0x0000000008002830       0x1c /tmp/ccvJG0qz.ltrans0.ltrans.o
 *fill*         0x000000000800284c        0x4 
 .text.port_timer_get_time.lto_priv.52
                0x0000000008002850        0xc /tmp/ccvJG0qz.ltrans0.ltrans.o
 *fill*         0x000000000800285c        0x4 
 .text.chVTGetSystemTimeX.lto_priv.3
                0x0000000008002860        0xc /tmp/ccvJG0qz.ltrans0.ltrans.o
 *fill*         0x000000000800286c        0x4 
 .text._vt_init
                0x0000000008002870       0x24 /tmp/ccvJG0qz.ltrans0.ltrans.o
 *fill*         0x0000000008002894        0xc 
 .text.chVTDoSetI
                0x00000000080028a0      0x17c /tmp/ccvJG0qz.ltrans0.ltrans.o
 *fill*         0x0000000008002a1c        0x4 
 .text.chVTDoResetI
                0x0000000008002a20      0x108 /tmp/ccvJG0qz.ltrans0.ltrans.o
 *fill*         0x0000000008002b28        0x8 
 .text.queue_init.lto_priv.91
                0x0000000008002b30       0x14 /tmp/ccvJG0qz.ltrans0.ltrans.o
 *fill*         0x0000000008002b44        0xc 
 .text.queue_fifo_remove.lto_priv.97
                0x0000000008002b50       0x24 /tmp/ccvJG0qz.ltrans0.ltrans.o
 *fill*         0x0000000008002b74        0xc 
 .text.queue_dequeue.lto_priv.121
                0x0000000008002b80       0x20 /tmp/ccvJG0qz.ltrans0.ltrans.o
 .text.chSysLockFromISR.lto_priv.137
                0x0000000008002ba0       0x18 /tmp/ccvJG0qz.ltrans0.ltrans.o
 *fill*         0x0000000008002bb8        0x8 
 .text.chSysUnlockFromISR.lto_priv.132
                0x0000000008002bc0       0x18 /tmp/ccvJG0qz.ltrans0.ltrans.o
 *fill*         0x0000000008002bd8        0x8 
 .text.chVTIsArmedI
                0x0000000008002be0       0x20 /tmp/ccvJG0qz.ltrans0.ltrans.o
 .text.chSemFastSignalI.lto_priv.62
                0x0000000008002c00       0x1c /tmp/ccvJG0qz.ltrans0.ltrans.o
 *fill*         0x0000000008002c1c        0x4 
 .text._scheduler_init
                0x0000000008002c20       0x20 /tmp/ccvJG0qz.ltrans0.ltrans.o
 .text.chSchReadyI
                0x0000000008002c40       0x64 /tmp/ccvJG0qz.ltrans0.ltrans.o
 *fill*         0x0000000008002ca4        0xc 
 .text.chSchReadyAheadI
                0x0000000008002cb0       0x64 /tmp/ccvJG0qz.ltrans0.ltrans.o
 *fill*         0x0000000008002d14        0xc 
 .text.chSchGoSleepS
                0x0000000008002d20       0x4c /tmp/ccvJG0qz.ltrans0.ltrans.o
 *fill*         0x0000000008002d6c        0x4 
 .text.wakeup   0x0000000008002d70       0x78 /tmp/ccvJG0qz.ltrans0.ltrans.o
 *fill*         0x0000000008002de8        0x8 
 .text.chSchGoSleepTimeoutS
                0x0000000008002df0       0x68 /tmp/ccvJG0qz.ltrans0.ltrans.o
 *fill*         0x0000000008002e58        0x8 
 .text.chSchWakeupS
                0x0000000008002e60       0x54 /tmp/ccvJG0qz.ltrans0.ltrans.o
 *fill*         0x0000000008002eb4        0xc 
 .text.chSchIsPreemptionRequired
                0x0000000008002ec0       0x2c /tmp/ccvJG0qz.ltrans0.ltrans.o
 *fill*         0x0000000008002eec        0x4 
 .text.chSchDoReschedule
                0x0000000008002ef0       0x40 /tmp/ccvJG0qz.ltrans0.ltrans.o
                0x0000000008002ef0                chSchDoReschedule
 .text.list_init
                0x0000000008002f30       0x10 /tmp/ccvJG0qz.ltrans0.ltrans.o
 .text.list_notempty
                0x0000000008002f40       0x1c /tmp/ccvJG0qz.ltrans0.ltrans.o
 *fill*         0x0000000008002f5c        0x4 
 .text.queue_init.lto_priv.92
                0x0000000008002f60       0x14 /tmp/ccvJG0qz.ltrans0.ltrans.o
 *fill*         0x0000000008002f74        0xc 
 .text.queue_notempty.lto_priv.117
                0x0000000008002f80       0x1c /tmp/ccvJG0qz.ltrans0.ltrans.o
 *fill*         0x0000000008002f9c        0x4 
 .text.list_remove
                0x0000000008002fa0       0x1c /tmp/ccvJG0qz.ltrans0.ltrans.o
 *fill*         0x0000000008002fbc        0x4 
 .text.queue_insert.lto_priv.103
                0x0000000008002fc0       0x28 /tmp/ccvJG0qz.ltrans0.ltrans.o
 *fill*         0x0000000008002fe8        0x8 
 .text.queue_fifo_remove.lto_priv.98
                0x0000000008002ff0       0x24 /tmp/ccvJG0qz.ltrans0.ltrans.o
 *fill*         0x0000000008003014        0xc 
 .text.chSysLock.lto_priv.35
                0x0000000008003020       0x18 /tmp/ccvJG0qz.ltrans0.ltrans.o
 *fill*         0x0000000008003038        0x8 
 .text.chSysUnlock.lto_priv.13
                0x0000000008003040       0x18 /tmp/ccvJG0qz.ltrans0.ltrans.o
 *fill*         0x0000000008003058        0x8 
 .text.chThdGetSelfX.lto_priv.113
                0x0000000008003060        0xc /tmp/ccvJG0qz.ltrans0.ltrans.o
 *fill*         0x000000000800306c        0x4 
 .text.chThdSleepS
                0x0000000008003070       0x24 /tmp/ccvJG0qz.ltrans0.ltrans.o
 *fill*         0x0000000008003094        0xc 
 .text.chThdDoDequeueNextI
                0x00000000080030a0       0x24 /tmp/ccvJG0qz.ltrans0.ltrans.o
 *fill*         0x00000000080030c4        0xc 
 .text._thread_init
                0x00000000080030d0       0x80 /tmp/ccvJG0qz.ltrans0.ltrans.o
 .text.chThdCreateSuspendedI
                0x0000000008003150       0xc0 /tmp/ccvJG0qz.ltrans0.ltrans.o
 .text.chThdCreate
                0x0000000008003210       0x28 /tmp/ccvJG0qz.ltrans0.ltrans.o
 *fill*         0x0000000008003238        0x8 
 .text.chThdCreateStatic
                0x0000000008003240       0xa4 /tmp/ccvJG0qz.ltrans0.ltrans.o
 *fill*         0x00000000080032e4        0xc 
 .text.chThdExit
                0x00000000080032f0       0x18 /tmp/ccvJG0qz.ltrans0.ltrans.o
                0x00000000080032f0                chThdExit
 *fill*         0x0000000008003308        0x8 
 .text.chThdExitS
                0x0000000008003310       0x74 /tmp/ccvJG0qz.ltrans0.ltrans.o
 *fill*         0x0000000008003384        0xc 
 .text.chThdSleep
                0x0000000008003390       0x1c /tmp/ccvJG0qz.ltrans0.ltrans.o
 *fill*         0x00000000080033ac        0x4 
 .text.chThdSuspendTimeoutS
                0x00000000080033b0       0x38 /tmp/ccvJG0qz.ltrans0.ltrans.o
 *fill*         0x00000000080033e8        0x8 
 .text.chThdResumeI
                0x00000000080033f0       0x30 /tmp/ccvJG0qz.ltrans0.ltrans.o
 .text.chThdEnqueueTimeoutS
                0x0000000008003420       0x38 /tmp/ccvJG0qz.ltrans0.ltrans.o
 *fill*         0x0000000008003458        0x8 
 .text.chThdDequeueNextI
                0x0000000008003460       0x24 /tmp/ccvJG0qz.ltrans0.ltrans.o
 *fill*         0x0000000008003484        0xc 
 .text.tm_stop  0x0000000008003490       0x74 /tmp/ccvJG0qz.ltrans0.ltrans.o
 *fill*         0x0000000008003504        0xc 
 .text._tm_init
                0x0000000008003510       0x44 /tmp/ccvJG0qz.ltrans0.ltrans.o
 *fill*         0x0000000008003554        0xc 
 .text.chTMObjectInit
                0x0000000008003560       0x34 /tmp/ccvJG0qz.ltrans0.ltrans.o
 *fill*         0x0000000008003594        0xc 
 .text.chTMStartMeasurementX
                0x00000000080035a0       0x14 /tmp/ccvJG0qz.ltrans0.ltrans.o
 *fill*         0x00000000080035b4        0xc 
 .text.chTMStopMeasurementX
                0x00000000080035c0       0x24 /tmp/ccvJG0qz.ltrans0.ltrans.o
 *fill*         0x00000000080035e4        0xc 
 .text.queue_init.lto_priv.94
                0x00000000080035f0       0x14 /tmp/ccvJG0qz.ltrans0.ltrans.o
 *fill*         0x0000000008003604        0xc 
 .text.chMtxObjectInit
                0x0000000008003610       0x2c /tmp/ccvJG0qz.ltrans0.ltrans.o
 *fill*         0x000000000800363c        0x4 
 .text.chEvtBroadcastFlagsI
                0x0000000008003640       0x68 /tmp/ccvJG0qz.ltrans0.ltrans.o
 *fill*         0x00000000080036a8        0x8 
 .text.chEvtSignalI
                0x00000000080036b0       0x70 /tmp/ccvJG0qz.ltrans0.ltrans.o
 .text.chSysLock.lto_priv.44
                0x0000000008003720       0x18 /tmp/ccvJG0qz.ltrans0.ltrans.o
 *fill*         0x0000000008003738        0x8 
 .text.chSysUnlock.lto_priv.22
                0x0000000008003740       0x18 /tmp/ccvJG0qz.ltrans0.ltrans.o
 *fill*         0x0000000008003758        0x8 
 .text._core_init
                0x0000000008003760       0x1c /tmp/ccvJG0qz.ltrans0.ltrans.o
 *fill*         0x000000000800377c        0x4 
 .text.chCoreAllocFromTopI
                0x0000000008003780       0x74 /tmp/ccvJG0qz.ltrans0.ltrans.o
 *fill*         0x00000000080037f4        0xc 
 .text.chCoreAllocFromTop
                0x0000000008003800       0x28 /tmp/ccvJG0qz.ltrans0.ltrans.o
 *fill*         0x0000000008003828        0x8 
 .text._heap_init
                0x0000000008003830       0x28 /tmp/ccvJG0qz.ltrans0.ltrans.o
 *fill*         0x0000000008003858        0x8 
 .text.chPoolObjectInitAligned
                0x0000000008003860       0x58 /tmp/ccvJG0qz.ltrans0.ltrans.o
 *fill*         0x00000000080038b8        0x8 
 .text.chCoreAllocAlignedI
                0x00000000080038c0       0x1c /tmp/ccvJG0qz.ltrans0.ltrans.o
 *fill*         0x00000000080038dc        0x4 
 .text.chPoolObjectInit
                0x00000000080038e0       0x1c /tmp/ccvJG0qz.ltrans0.ltrans.o
 *fill*         0x00000000080038fc        0x4 
 .text.dyn_list_init
                0x0000000008003900       0x10 /tmp/ccvJG0qz.ltrans0.ltrans.o
 .text._factory_init
                0x0000000008003910       0x6c /tmp/ccvJG0qz.ltrans0.ltrans.o
 *fill*         0x000000000800397c        0x4 
 .text.__NVIC_SetPriorityGrouping
                0x0000000008003980       0x3c /tmp/ccvJG0qz.ltrans0.ltrans.o
 *fill*         0x00000000080039bc        0x4 
 .text.__NVIC_SetPriority
                0x00000000080039c0       0x4c /tmp/ccvJG0qz.ltrans0.ltrans.o
 *fill*         0x0000000008003a0c        0x4 
 .text.SVC_Handler
                0x0000000008003a10       0x2c /tmp/ccvJG0qz.ltrans0.ltrans.o
                0x0000000008003a10                SVC_Handler
 *fill*         0x0000000008003a3c        0x4 
 .text.port_init
                0x0000000008003a40       0x50 /tmp/ccvJG0qz.ltrans0.ltrans.o
 .text._port_irq_epilogue
                0x0000000008003a90       0x78 /tmp/ccvJG0qz.ltrans0.ltrans.o
 *fill*         0x0000000008003b08        0x8 
 .text.port_timer_get_time.lto_priv.54
                0x0000000008003b10        0xc /tmp/ccvJG0qz.ltrans0.ltrans.o
 *fill*         0x0000000008003b1c        0x4 
 .text.chSysLock.lto_priv.49
                0x0000000008003b20       0x18 /tmp/ccvJG0qz.ltrans0.ltrans.o
 *fill*         0x0000000008003b38        0x8 
 .text.chSysUnlock.lto_priv.27
                0x0000000008003b40       0x18 /tmp/ccvJG0qz.ltrans0.ltrans.o
 *fill*         0x0000000008003b58        0x8 
 .text.chVTGetSystemTimeX.lto_priv.5
                0x0000000008003b60        0xc /tmp/ccvJG0qz.ltrans0.ltrans.o
 *fill*         0x0000000008003b6c        0x4 
 .text.chVTGetSystemTime.lto_priv.0
                0x0000000008003b70       0x24 /tmp/ccvJG0qz.ltrans0.ltrans.o
 *fill*         0x0000000008003b94        0xc 
 .text.chRegSetThreadName
                0x0000000008003ba0       0x14 /tmp/ccvJG0qz.ltrans0.ltrans.o
 *fill*         0x0000000008003bb4        0xc 
 .text.Thread1  0x0000000008003bc0       0x34 /tmp/ccvJG0qz.ltrans0.ltrans.o
 *fill*         0x0000000008003bf4        0xc 
 .text.main     0x0000000008003c00       0xc4 /tmp/ccvJG0qz.ltrans0.ltrans.o
                0x0000000008003c00                main
 *fill*         0x0000000008003cc4        0xc 
 .text.EPD_setScanByte
                0x0000000008003cd0       0x68 /tmp/ccvJG0qz.ltrans0.ltrans.o
 *fill*         0x0000000008003d38        0x8 
 .text.EPD_CreateDataBytes
                0x0000000008003d40      0x11c /tmp/ccvJG0qz.ltrans0.ltrans.o
 *fill*         0x0000000008003e5c        0x4 
 .text.port_timer_get_time.lto_priv.55
                0x0000000008003e60        0xc /tmp/ccvJG0qz.ltrans0.ltrans.o
 *fill*         0x0000000008003e6c        0x4 
 .text.chSysLock.lto_priv.50
                0x0000000008003e70       0x18 /tmp/ccvJG0qz.ltrans0.ltrans.o
 *fill*         0x0000000008003e88        0x8 
 .text.chSysUnlock.lto_priv.28
                0x0000000008003e90       0x18 /tmp/ccvJG0qz.ltrans0.ltrans.o
 *fill*         0x0000000008003ea8        0x8 
 .text.chVTGetSystemTimeX.lto_priv.6
                0x0000000008003eb0        0xc /tmp/ccvJG0qz.ltrans0.ltrans.o
 *fill*         0x0000000008003ebc        0x4 
 .text.chVTGetSystemTime.lto_priv.1
                0x0000000008003ec0       0x24 /tmp/ccvJG0qz.ltrans0.ltrans.o
 *fill*         0x0000000008003ee4        0xc 
 .text.EPD_WriteFrame
                0x0000000008003ef0       0xf0 /tmp/ccvJG0qz.ltrans0.ltrans.o
 .text.EPD_WritePartialUpdateFrame
                0x0000000008003fe0      0x190 /tmp/ccvJG0qz.ltrans0.ltrans.o
 .text.EPD_WriteNothingFrame
                0x0000000008004170       0x6c /tmp/ccvJG0qz.ltrans0.ltrans.o
 *fill*         0x00000000080041dc        0x4 
 .text.EPD_WriteBorderDummyLine
                0x00000000080041e0       0x44 /tmp/ccvJG0qz.ltrans0.ltrans.o
 *fill*         0x0000000008004224        0xc 
 .text.EPD_readCogId
                0x0000000008004230       0x3c /tmp/ccvJG0qz.ltrans0.ltrans.o
 *fill*         0x000000000800426c        0x4 
 .text.EPD_Write
                0x0000000008004270       0x5c /tmp/ccvJG0qz.ltrans0.ltrans.o
 *fill*         0x00000000080042cc        0x4 
 .text.EPD_Read
                0x00000000080042d0       0x5c /tmp/ccvJG0qz.ltrans0.ltrans.o
 *fill*         0x000000000800432c        0x4 
 .text.EPD_PowerOn
                0x0000000008004330       0x38 /tmp/ccvJG0qz.ltrans0.ltrans.o
 *fill*         0x0000000008004368        0x8 
 .text.EPD_Initialize
                0x0000000008004370      0x25c /tmp/ccvJG0qz.ltrans0.ltrans.o
 *fill*         0x00000000080045cc        0x4 
 .text.EPD_UpdateDisplay
                0x00000000080045d0       0x7c /tmp/ccvJG0qz.ltrans0.ltrans.o
 *fill*         0x000000000800464c        0x4 
 .text.EPD_PartialUpdate
                0x0000000008004650       0x2c /tmp/ccvJG0qz.ltrans0.ltrans.o
 *fill*         0x000000000800467c        0x4 
 .text.EPD_PowerOff
                0x0000000008004680      0x104 /tmp/ccvJG0qz.ltrans0.ltrans.o
 *fill*         0x0000000008004784        0xc 
 .text.EPD_SpiSelect
                0x0000000008004790       0x10 /tmp/ccvJG0qz.ltrans0.ltrans.o
 .text.EPD_SpiUnselect
                0x00000000080047a0       0x10 /tmp/ccvJG0qz.ltrans0.ltrans.o
 .text.EPD_SpiSend
                0x00000000080047b0       0x1c /tmp/ccvJG0qz.ltrans0.ltrans.o
 *fill*         0x00000000080047cc        0x4 
 .text.EPD_SpiReceive
                0x00000000080047d0       0x1c /tmp/ccvJG0qz.ltrans0.ltrans.o
 *fill*         0x00000000080047ec        0x4 
 .text.EPD_MosiLow
                0x00000000080047f0       0x1c /tmp/ccvJG0qz.ltrans0.ltrans.o
 *fill*         0x000000000800480c        0x4 
 .text.EPD_SclkLow
                0x0000000008004810       0x1c /tmp/ccvJG0qz.ltrans0.ltrans.o
 *fill*         0x000000000800482c        0x4 
 .text.EPD_DischargeLow
                0x0000000008004830       0x10 /tmp/ccvJG0qz.ltrans0.ltrans.o
 .text.EPD_DischargeHigh
                0x0000000008004840       0x10 /tmp/ccvJG0qz.ltrans0.ltrans.o
 .text.EPD_VccOff
                0x0000000008004850       0x10 /tmp/ccvJG0qz.ltrans0.ltrans.o
 .text.EPD_VccOn
                0x0000000008004860       0x10 /tmp/ccvJG0qz.ltrans0.ltrans.o
 .text.EPD_ResetOff
                0x0000000008004870        0xc /tmp/ccvJG0qz.ltrans0.ltrans.o
 *fill*         0x000000000800487c        0x4 
 .text.EPD_ResetOn
                0x0000000008004880        0xc /tmp/ccvJG0qz.ltrans0.ltrans.o
 *fill*         0x000000000800488c        0x4 
 .text.EPD_SleepMilliseconds
                0x0000000008004890       0x8c /tmp/ccvJG0qz.ltrans0.ltrans.o
 *fill*         0x000000000800491c        0x4 
 .text.EPD_IsBusy
                0x0000000008004920       0x1c /tmp/ccvJG0qz.ltrans0.ltrans.o
 *fill*         0x000000000800493c        0x4 
 .text.EPD_Abort
                0x0000000008004940       0x14 /tmp/ccvJG0qz.ltrans0.ltrans.o
 .text.memset   0x0000000008004954       0x94 /usr/bin/../lib/gcc/arm-none-eabi/7.3.1/../../../../arm-none-eabi/lib/thumb/v7-m/libg.a(lib_a-memset.o)
                0x0000000008004954                memset
 *(.glue_7t)
 .glue_7t       0x00000000080049e8        0x0 linker stubs
 *(.glue_7)
 .glue_7        0x00000000080049e8        0x0 linker stubs
 *(.gcc*)
                0x00000000080049e8                __text_end__ = .

.vfp11_veneer   0x00000000080049e8        0x0
 .vfp11_veneer  0x00000000080049e8        0x0 linker stubs

.v4_bx          0x00000000080049e8        0x0
 .v4_bx         0x00000000080049e8        0x0 linker stubs

.iplt           0x00000000080049e8        0x0
 .iplt          0x00000000080049e8        0x0 ./build/obj/crt0_v7m.o

.rodata         0x00000000080049e8     0x15d0
                0x00000000080049e8                __rodata_base__ = .
 *(.rodata)
 *(.rodata.*)
 .rodata.ram_areas
                0x00000000080049e8       0x80 /tmp/ccvJG0qz.ltrans0.ltrans.o
 .rodata.__func__.7903
                0x0000000008004a68        0x8 /tmp/ccvJG0qz.ltrans0.ltrans.o
 .rodata.__func__.7911
                0x0000000008004a70        0x9 /tmp/ccvJG0qz.ltrans0.ltrans.o
 *fill*         0x0000000008004a79        0x3 
 .rodata.__func__.7954
                0x0000000008004a7c        0xe /tmp/ccvJG0qz.ltrans0.ltrans.o
 *fill*         0x0000000008004a8a        0x2 
 .rodata.__func__.8005
                0x0000000008004a8c        0xf /tmp/ccvJG0qz.ltrans0.ltrans.o
 *fill*         0x0000000008004a9b        0x1 
 .rodata.vmt    0x0000000008004a9c       0x28 /tmp/ccvJG0qz.ltrans0.ltrans.o
 .rodata.__func__.7539
                0x0000000008004ac4        0x5 /tmp/ccvJG0qz.ltrans0.ltrans.o
 *fill*         0x0000000008004ac9        0x3 
 .rodata.__func__.7566
                0x0000000008004acc       0x10 /tmp/ccvJG0qz.ltrans0.ltrans.o
 .rodata.__func__.7505
                0x0000000008004adc        0x9 /tmp/ccvJG0qz.ltrans0.ltrans.o
 *fill*         0x0000000008004ae5        0x3 
 .rodata.__func__.7513
                0x0000000008004ae8        0xa /tmp/ccvJG0qz.ltrans0.ltrans.o
 *fill*         0x0000000008004af2        0x2 
 .rodata.__func__.7517
                0x0000000008004af4        0xc /tmp/ccvJG0qz.ltrans0.ltrans.o
 .rodata.__func__.7567
                0x0000000008004b00        0x8 /tmp/ccvJG0qz.ltrans0.ltrans.o
 .rodata.__func__.7573
                0x0000000008004b08        0xb /tmp/ccvJG0qz.ltrans0.ltrans.o
 *fill*         0x0000000008004b13        0x1 
 .rodata._stm32_dma_streams
                0x0000000008004b14       0x70 /tmp/ccvJG0qz.ltrans0.ltrans.o
 .rodata.__func__.7541.lto_priv.157
                0x0000000008004b84       0x10 /tmp/ccvJG0qz.ltrans0.ltrans.o
 .rodata.cfgtab.7503
                0x0000000008004b94       0x12 /tmp/ccvJG0qz.ltrans0.ltrans.o
 .rodata.dummytx
                0x0000000008004ba6        0x2 /tmp/ccvJG0qz.ltrans0.ltrans.o
 .rodata.spi_lld_serve_rx_interrupt.str1.4
                0x0000000008004ba8        0xc /tmp/ccvJG0qz.ltrans0.ltrans.o
 .rodata.pal_default_config
                0x0000000008004bb4       0x3c /tmp/ccvJG0qz.ltrans0.ltrans.o
 .rodata.str1.4
                0x0000000008004bf0        0x5 /tmp/ccvJG0qz.ltrans0.ltrans.o
 *fill*         0x0000000008004bf5        0x3 
 .rodata.idle_descriptor.6601
                0x0000000008004bf8       0x18 /tmp/ccvJG0qz.ltrans0.ltrans.o
 .rodata.__func__.4250.lto_priv.144
                0x0000000008004c10        0xb /tmp/ccvJG0qz.ltrans0.ltrans.o
 *fill*         0x0000000008004c1b        0x1 
 .rodata._dbg_check_enable.str1.4
                0x0000000008004c1c        0x5 /tmp/ccvJG0qz.ltrans0.ltrans.o
 *fill*         0x0000000008004c21        0x3 
 .rodata._dbg_check_lock.str1.4
                0x0000000008004c24        0x5 /tmp/ccvJG0qz.ltrans0.ltrans.o
 *fill*         0x0000000008004c29        0x3 
 .rodata._dbg_check_unlock.str1.4
                0x0000000008004c2c        0x5 /tmp/ccvJG0qz.ltrans0.ltrans.o
 *fill*         0x0000000008004c31        0x3 
 .rodata._dbg_check_lock_from_isr.str1.4
                0x0000000008004c34        0x5 /tmp/ccvJG0qz.ltrans0.ltrans.o
 *fill*         0x0000000008004c39        0x3 
 .rodata._dbg_check_unlock_from_isr.str1.4
                0x0000000008004c3c        0x5 /tmp/ccvJG0qz.ltrans0.ltrans.o
 *fill*         0x0000000008004c41        0x3 
 .rodata._dbg_check_enter_isr.str1.4
                0x0000000008004c44        0x5 /tmp/ccvJG0qz.ltrans0.ltrans.o
 *fill*         0x0000000008004c49        0x3 
 .rodata._dbg_check_leave_isr.str1.4
                0x0000000008004c4c        0x5 /tmp/ccvJG0qz.ltrans0.ltrans.o
 *fill*         0x0000000008004c51        0x3 
 .rodata.chDbgCheckClassI.str1.4
                0x0000000008004c54        0x6 /tmp/ccvJG0qz.ltrans0.ltrans.o
 *fill*         0x0000000008004c5a        0x2 
 .rodata.chDbgCheckClassS.str1.4
                0x0000000008004c5c        0x6 /tmp/ccvJG0qz.ltrans0.ltrans.o
 *fill*         0x0000000008004c62        0x2 
 .rodata.__func__.6604.lto_priv.108
                0x0000000008004c64        0xb /tmp/ccvJG0qz.ltrans0.ltrans.o
 *fill*         0x0000000008004c6f        0x1 
 .rodata.__func__.4250.lto_priv.145
                0x0000000008004c70        0xb /tmp/ccvJG0qz.ltrans0.ltrans.o
 *fill*         0x0000000008004c7b        0x1 
 .rodata.__func__.6613.lto_priv.69
                0x0000000008004c7c        0xd /tmp/ccvJG0qz.ltrans0.ltrans.o
 *fill*         0x0000000008004c89        0x3 
 .rodata.__func__.6601
                0x0000000008004c8c        0xc /tmp/ccvJG0qz.ltrans0.ltrans.o
 .rodata.__func__.6608.lto_priv.81
                0x0000000008004c98       0x11 /tmp/ccvJG0qz.ltrans0.ltrans.o
 *fill*         0x0000000008004ca9        0x3 
 .rodata.chThdCreateStatic.str1.4
                0x0000000008004cac        0x7 /tmp/ccvJG0qz.ltrans0.ltrans.o
 *fill*         0x0000000008004cb3        0x1 
 .rodata.__func__.6602
                0x0000000008004cb4       0x16 /tmp/ccvJG0qz.ltrans0.ltrans.o
 *fill*         0x0000000008004cca        0x2 
 .rodata.__func__.6624
                0x0000000008004ccc       0x12 /tmp/ccvJG0qz.ltrans0.ltrans.o
 *fill*         0x0000000008004cde        0x2 
 .rodata.__func__.5546
                0x0000000008004ce0        0xc /tmp/ccvJG0qz.ltrans0.ltrans.o
 .rodata.ch_debug
                0x0000000008004cec       0x16 /tmp/ccvJG0qz.ltrans0.ltrans.o
 *fill*         0x0000000008004d02        0x2 
 .rodata.__func__.6596.lto_priv.111
                0x0000000008004d04       0x10 /tmp/ccvJG0qz.ltrans0.ltrans.o
 .rodata.__func__.6626.lto_priv.79
                0x0000000008004d14       0x15 /tmp/ccvJG0qz.ltrans0.ltrans.o
 *fill*         0x0000000008004d29        0x3 
 .rodata.__func__.6643.lto_priv.107
                0x0000000008004d2c        0xd /tmp/ccvJG0qz.ltrans0.ltrans.o
 *fill*         0x0000000008004d39        0x3 
 .rodata.__func__.6616
                0x0000000008004d3c       0x14 /tmp/ccvJG0qz.ltrans0.ltrans.o
 .rodata.__func__.6599.lto_priv.77
                0x0000000008004d50       0x18 /tmp/ccvJG0qz.ltrans0.ltrans.o
 .rodata.paraglider
                0x0000000008004d68      0x900 /tmp/ccvJG0qz.ltrans0.ltrans.o
 .rodata.Thread1.str1.4
                0x0000000008005668        0x8 /tmp/ccvJG0qz.ltrans0.ltrans.o
 .rodata.epdSpiConfig
                0x0000000008005670       0x14 /tmp/ccvJG0qz.ltrans0.ltrans.o
 .rodata.paraglider2
                0x0000000008005684      0x900 /tmp/ccvJG0qz.ltrans0.ltrans.o
 .rodata.EPD_Initialize.str1.4
                0x0000000008005f84       0x34 /tmp/ccvJG0qz.ltrans0.ltrans.o
                                         0x33 (size before relaxing)
                0x0000000008005fb8                . = ALIGN (0x4)
                0x0000000008005fb8                __rodata_end__ = .

.ARM.extab
 *(.ARM.extab* .gnu.linkonce.armextab.*)

.ARM.exidx      0x0000000008005fb8        0x8
                0x0000000008005fb8                __exidx_base__ = .
                0x0000000008005fb8                __exidx_start = .
 *(.ARM.exidx* .gnu.linkonce.armexidx.*)
 .ARM.exidx     0x0000000008005fb8        0x8 /usr/bin/../lib/gcc/arm-none-eabi/7.3.1/thumb/v7-m/libgcc.a(_udivmoddi4.o)
                0x0000000008005fc0                __exidx_end__ = .
                0x0000000008005fc0                __exidx_end = .

.rel.dyn        0x0000000008005fc0        0x0
 .rel.iplt      0x0000000008005fc0        0x0 ./build/obj/crt0_v7m.o

.eh_frame_hdr
 *(.eh_frame_hdr)

.eh_frame
 *(.eh_frame)

.data           0x0000000020000800        0x0 load address 0x0000000008005fc0
                [!provide]                        PROVIDE (_textdata = LOADADDR (.data))
                [!provide]                        PROVIDE (_data = .)
                0x0000000008005fc0                __textdata_base__ = LOADADDR (.data)
                0x0000000020000800                __data_base__ = .
 *(.data)
 *(.data.*)
 *(.ramtext)
                0x0000000020000800                . = ALIGN (0x4)
                [!provide]                        PROVIDE (_edata = .)
                0x0000000020000800                __data_end__ = .

.igot.plt       0x0000000020000800        0x0 load address 0x0000000008005fc0
 .igot.plt      0x0000000020000800        0x0 ./build/obj/crt0_v7m.o

.bss            0x0000000020000800      0xd00 load address 0x0000000008005fc0
                0x0000000020000800                __bss_base__ = .
 *(.bss)
 *(.bss.*)
 .bss.dma       0x0000000020000800       0x40 /tmp/ccvJG0qz.ltrans0.ltrans.o
 .bss.SPID2     0x0000000020000840       0x30 /tmp/ccvJG0qz.ltrans0.ltrans.o
 .bss.dummyrx   0x0000000020000870        0x2 /tmp/ccvJG0qz.ltrans0.ltrans.o
 *fill*         0x0000000020000872        0x2 
 .bss.SD2       0x0000000020000874       0x7c /tmp/ccvJG0qz.ltrans0.ltrans.o
 .bss.ch_idle_thread_wa
                0x00000000200008f0       0xd8 /tmp/ccvJG0qz.ltrans0.ltrans.o
 .bss.ch        0x00000000200009c8       0x80 /tmp/ccvJG0qz.ltrans0.ltrans.o
 .bss.ch_memcore
                0x0000000020000a48        0x8 /tmp/ccvJG0qz.ltrans0.ltrans.o
 .bss.default_heap
                0x0000000020000a50       0x1c /tmp/ccvJG0qz.ltrans0.ltrans.o
 .bss.ch_factory
                0x0000000020000a6c       0x48 /tmp/ccvJG0qz.ltrans0.ltrans.o
 *fill*         0x0000000020000ab4        0x4 
 .bss.waThread1
                0x0000000020000ab8      0x148 /tmp/ccvJG0qz.ltrans0.ltrans.o
 .bss.bufA      0x0000000020000c00      0x900 /tmp/ccvJG0qz.ltrans0.ltrans.o
 *(COMMON)
                0x0000000020001500                . = ALIGN (0x4)
                0x0000000020001500                __bss_end__ = .
                [!provide]                        PROVIDE (end = .)
                0x0000000020000000                __ram0_base__ = ORIGIN (ram0)
                0x0000000000005000                __ram0_size__ = LENGTH (ram0)
                0x0000000020005000                __ram0_end__ = (__ram0_base__ + __ram0_size__)
                0x0000000000000000                __ram1_base__ = ORIGIN (ram1)
                0x0000000000000000                __ram1_size__ = LENGTH (ram1)
                0x0000000000000000                __ram1_end__ = (__ram1_base__ + __ram1_size__)
                0x0000000000000000                __ram2_base__ = ORIGIN (ram2)
                0x0000000000000000                __ram2_size__ = LENGTH (ram2)
                0x0000000000000000                __ram2_end__ = (__ram2_base__ + __ram2_size__)
                0x0000000000000000                __ram3_base__ = ORIGIN (ram3)
                0x0000000000000000                __ram3_size__ = LENGTH (ram3)
                0x0000000000000000                __ram3_end__ = (__ram3_base__ + __ram3_size__)
                0x0000000000000000                __ram4_base__ = ORIGIN (ram4)
                0x0000000000000000                __ram4_size__ = LENGTH (ram4)
                0x0000000000000000                __ram4_end__ = (__ram4_base__ + __ram4_size__)
                0x0000000000000000                __ram5_base__ = ORIGIN (ram5)
                0x0000000000000000                __ram5_size__ = LENGTH (ram5)
                0x0000000000000000                __ram5_end__ = (__ram5_base__ + __ram5_size__)
                0x0000000000000000                __ram6_base__ = ORIGIN (ram6)
                0x0000000000000000                __ram6_size__ = LENGTH (ram6)
                0x0000000000000000                __ram6_end__ = (__ram6_base__ + __ram6_size__)
                0x0000000000000000                __ram7_base__ = ORIGIN (ram7)
                0x0000000000000000                __ram7_size__ = LENGTH (ram7)
                0x0000000000000000                __ram7_end__ = (__ram7_base__ + __ram7_size__)
                0x0000000008000000                __flash0_base__ = ORIGIN (flash0)
                0x0000000000020000                __flash0_size__ = LENGTH (flash0)
                0x0000000008020000                __flash0_end__ = (__flash0_base__ + __flash0_size__)
                0x0000000000000000                __flash1_base__ = ORIGIN (flash1)
                0x0000000000000000                __flash1_size__ = LENGTH (flash1)
                0x0000000000000000                __flash1_end__ = (__flash1_base__ + __flash1_size__)
                0x0000000000000000                __flash2_base__ = ORIGIN (flash2)
                0x0000000000000000                __flash2_size__ = LENGTH (flash2)
                0x0000000000000000                __flash2_end__ = (__flash2_base__ + __flash2_size__)
                0x0000000000000000                __flash3_base__ = ORIGIN (flash3)
                0x0000000000000000                __flash3_size__ = LENGTH (flash3)
                0x0000000000000000                __flash3_end__ = (__flash3_base__ + __flash3_size__)
                0x0000000000000000                __flash4_base__ = ORIGIN (flash4)
                0x0000000000000000                __flash4_size__ = LENGTH (flash4)
                0x0000000000000000                __flash4_end__ = (__flash4_base__ + __flash4_size__)
                0x0000000000000000                __flash5_base__ = ORIGIN (flash5)
                0x0000000000000000                __flash5_size__ = LENGTH (flash5)
                0x0000000000000000                __flash5_end__ = (__flash5_base__ + __flash5_size__)
                0x0000000000000000                __flash6_base__ = ORIGIN (flash6)
                0x0000000000000000                __flash6_size__ = LENGTH (flash6)
                0x0000000000000000                __flash6_end__ = (__flash6_base__ + __flash6_size__)
                0x0000000000000000                __flash7_base__ = ORIGIN (flash7)
                0x0000000000000000                __flash7_size__ = LENGTH (flash7)
                0x0000000000000000                __flash7_end__ = (__flash7_base__ + __flash7_size__)

.ram0_init      0x0000000020001500        0x0 load address 0x0000000008005fc0
                0x0000000008005fc0                __ram0_init_text__ = LOADADDR (.ram0_init)
                0x0000000020001500                __ram0_init__ = .
 *(.ram0_init)
 *(.ram0_init.*)
                0x0000000020001500                . = ALIGN (0x4)

.ram0           0x0000000020001500        0x0 load address 0x0000000008005fc0
                0x0000000020001500                __ram0_clear__ = .
 *(.ram0_clear)
 *(.ram0_clear.*)
                0x0000000020001500                . = ALIGN (0x4)
                0x0000000020001500                __ram0_noinit__ = .
 *(.ram0)
 *(.ram0.*)
                0x0000000020001500                . = ALIGN (0x4)
                0x0000000020001500                __ram0_free__ = .

.ram1_init      0x0000000000000000        0x0 load address 0x0000000008005fc0
                0x0000000008005fc0                __ram1_init_text__ = LOADADDR (.ram1_init)
                0x0000000000000000                __ram1_init__ = .
 *(.ram1_init)
 *(.ram1_init.*)
                0x0000000000000000                . = ALIGN (0x4)

.ram1           0x0000000000000000        0x0 load address 0x0000000008005fc0
                0x0000000000000000                __ram1_clear__ = .
 *(.ram1_clear)
 *(.ram1_clear.*)
                0x0000000000000000                . = ALIGN (0x4)
                0x0000000000000000                __ram1_noinit__ = .
 *(.ram1)
 *(.ram1.*)
                0x0000000000000000                . = ALIGN (0x4)
                0x0000000000000000                __ram1_free__ = .

.ram2_init      0x0000000000000000        0x0 load address 0x0000000008005fc0
                0x0000000008005fc0                __ram2_init_text__ = LOADADDR (.ram2_init)
                0x0000000000000000                __ram2_init__ = .
 *(.ram2_init)
 *(.ram2_init.*)
                0x0000000000000000                . = ALIGN (0x4)

.ram2           0x0000000000000000        0x0 load address 0x0000000008005fc0
                0x0000000000000000                __ram2_clear__ = .
 *(.ram2_clear)
 *(.ram2_clear.*)
                0x0000000000000000                . = ALIGN (0x4)
                0x0000000000000000                __ram2_noinit__ = .
 *(.ram2)
 *(.ram2.*)
                0x0000000000000000                . = ALIGN (0x4)
                0x0000000000000000                __ram2_free__ = .

.ram3_init      0x0000000000000000        0x0 load address 0x0000000008005fc0
                0x0000000008005fc0                __ram3_init_text__ = LOADADDR (.ram3_init)
                0x0000000000000000                __ram3_init__ = .
 *(.ram3_init)
 *(.ram3_init.*)
                0x0000000000000000                . = ALIGN (0x4)

.ram3           0x0000000000000000        0x0 load address 0x0000000008005fc0
                0x0000000000000000                __ram3_clear__ = .
 *(.ram3_clear)
 *(.ram3_clear.*)
                0x0000000000000000                . = ALIGN (0x4)
                0x0000000000000000                __ram3_noinit__ = .
 *(.ram3)
 *(.ram3.*)
                0x0000000000000000                . = ALIGN (0x4)
                0x0000000000000000                __ram3_free__ = .

.ram4_init      0x0000000000000000        0x0 load address 0x0000000008005fc0
                0x0000000008005fc0                __ram4_init_text__ = LOADADDR (.ram4_init)
                0x0000000000000000                __ram4_init__ = .
 *(.ram4_init)
 *(.ram4_init.*)
                0x0000000000000000                . = ALIGN (0x4)

.ram4           0x0000000000000000        0x0 load address 0x0000000008005fc0
                0x0000000000000000                __ram4_clear__ = .
 *(.ram4_clear)
 *(.ram4_clear.*)
                0x0000000000000000                . = ALIGN (0x4)
                0x0000000000000000                __ram4_noinit__ = .
 *(.ram4)
 *(.ram4.*)
                0x0000000000000000                . = ALIGN (0x4)
                0x0000000000000000                __ram4_free__ = .

.ram5_init      0x0000000000000000        0x0 load address 0x0000000008005fc0
                0x0000000008005fc0                __ram5_init_text__ = LOADADDR (.ram5_init)
                0x0000000000000000                __ram5_init__ = .
 *(.ram5_init)
 *(.ram5_init.*)
                0x0000000000000000                . = ALIGN (0x4)

.ram5           0x0000000000000000        0x0 load address 0x0000000008005fc0
                0x0000000000000000                __ram5_clear__ = .
 *(.ram5_clear)
 *(.ram5_clear.*)
                0x0000000000000000                . = ALIGN (0x4)
                0x0000000000000000                __ram5_noinit__ = .
 *(.ram5)
 *(.ram5.*)
                0x0000000000000000                . = ALIGN (0x4)
                0x0000000000000000                __ram5_free__ = .

.ram6_init      0x0000000000000000        0x0 load address 0x0000000008005fc0
                0x0000000008005fc0                __ram6_init_text__ = LOADADDR (.ram6_init)
                0x0000000000000000                __ram6_init__ = .
 *(.ram6_init)
 *(.ram6_init.*)
                0x0000000000000000                . = ALIGN (0x4)

.ram6           0x0000000000000000        0x0 load address 0x0000000008005fc0
                0x0000000000000000                __ram6_clear__ = .
 *(.ram6_clear)
 *(.ram6_clear.*)
                0x0000000000000000                . = ALIGN (0x4)
                0x0000000000000000                __ram6_noinit__ = .
 *(.ram6)
 *(.ram6.*)
                0x0000000000000000                . = ALIGN (0x4)
                0x0000000000000000                __ram6_free__ = .

.ram7_init      0x0000000000000000        0x0 load address 0x0000000008005fc0
                0x0000000008005fc0                __ram7_init_text__ = LOADADDR (.ram7_init)
                0x0000000000000000                __ram7_init__ = .
 *(.ram7_init)
 *(.ram7_init.*)
                0x0000000000000000                . = ALIGN (0x4)

.ram7           0x0000000000000000        0x0 load address 0x0000000008005fc0
                0x0000000000000000                __ram7_clear__ = .
 *(.ram7_clear)
 *(.ram7_clear.*)
                0x0000000000000000                . = ALIGN (0x4)
                0x0000000000000000                __ram7_noinit__ = .
 *(.ram7)
 *(.ram7.*)
                0x0000000000000000                . = ALIGN (0x4)
                0x0000000000000000                __ram7_free__ = .

.flash0         0x0000000008005fc0        0x0
                0x0000000008005fc0                __flash0_init__ = .
 *(.flash0_init)
 *(.flash0_init.*)
                0x0000000008005fc0                __flash0_free__ = .

.flash1         0x0000000000000000        0x0
                0x0000000000000000                __flash1_init__ = .
 *(.flash1_init)
 *(.flash1_init.*)
                0x0000000000000000                __flash1_free__ = .

.flash2         0x0000000000000000        0x0
                0x0000000000000000                __flash2_init__ = .
 *(.flash2_init)
 *(.flash2_init.*)
                0x0000000000000000                __flash2_free__ = .

.flash3         0x0000000000000000        0x0
                0x0000000000000000                __flash3_init__ = .
 *(.flash3_init)
 *(.flash3_init.*)
                0x0000000000000000                __flash3_free__ = .

.flash4         0x0000000000000000        0x0
                0x0000000000000000                __flash4_init__ = .
 *(.flash4_init)
 *(.flash4_init.*)
                0x0000000000000000                __flash4_free__ = .

.flash5         0x0000000000000000        0x0
                0x0000000000000000                __flash5_init__ = .
 *(.flash5_init)
 *(.flash5_init.*)
                0x0000000000000000                __flash5_free__ = .

.flash6         0x0000000000000000        0x0
                0x0000000000000000                __flash6_init__ = .
 *(.flash6_init)
 *(.flash6_init.*)
                0x0000000000000000                __flash6_free__ = .

.flash7         0x0000000000000000        0x0
                0x0000000000000000                __flash7_init__ = .
 *(.flash7_init)
 *(.flash7_init.*)
                0x0000000000000000                __flash7_free__ = .

.heap           0x0000000020001500     0x3b00
                0x0000000020001500                . = ALIGN (0x8)
                0x0000000020001500                __heap_base__ = .
                0x0000000020005000                . = (ORIGIN (HEAP_RAM) + LENGTH (HEAP_RAM))
 *fill*         0x0000000020001500     0x3b00 
                0x0000000020005000                __heap_end__ = .
                0x0000000000000400                __process_stack_size__ = 0x400
                0x0000000000000400                __main_stack_size__ = 0x400
START GROUP
LOAD /usr/bin/../lib/gcc/arm-none-eabi/7.3.1/thumb/v7-m/libgcc.a
LOAD /usr/bin/../lib/gcc/arm-none-eabi/7.3.1/../../../../arm-none-eabi/lib/thumb/v7-m/libg.a
LOAD /usr/bin/../lib/gcc/arm-none-eabi/7.3.1/../../../../arm-none-eabi/lib/thumb/v7-m/libc.a
END GROUP
OUTPUT(build/ch.elf elf32-littlearm)

.ARM.attributes
                0x0000000000000000       0x2f
 .ARM.attributes
                0x0000000000000000       0x21 ./build/obj/crt0_v7m.o
 .ARM.attributes
                0x0000000000000021       0x21 ./build/obj/vectors.o
 .ARM.attributes
                0x0000000000000042       0x21 ./build/obj/chcoreasm_v7m.o
 .ARM.attributes
                0x0000000000000063       0x31 /tmp/ccvJG0qz.ltrans0.ltrans.o
 .ARM.attributes
                0x0000000000000094       0x1d /usr/bin/../lib/gcc/arm-none-eabi/7.3.1/thumb/v7-m/libgcc.a(_aeabi_uldivmod.o)
 .ARM.attributes
                0x00000000000000b1       0x2d /usr/bin/../lib/gcc/arm-none-eabi/7.3.1/thumb/v7-m/libgcc.a(_udivmoddi4.o)
 .ARM.attributes
                0x00000000000000de       0x1d /usr/bin/../lib/gcc/arm-none-eabi/7.3.1/thumb/v7-m/libgcc.a(_dvmd_tls.o)
 .ARM.attributes
                0x00000000000000fb       0x1b /usr/bin/../lib/gcc/arm-none-eabi/7.3.1/../../../../arm-none-eabi/lib/thumb/v7-m/libg.a(lib_a-memcpy.o)
 .ARM.attributes
                0x0000000000000116       0x2d /usr/bin/../lib/gcc/arm-none-eabi/7.3.1/../../../../arm-none-eabi/lib/thumb/v7-m/libg.a(lib_a-memset.o)

.comment        0x0000000000000000       0x7f
 .comment       0x0000000000000000       0x7f /tmp/ccvJG0qz.ltrans0.ltrans.o
                                         0x80 (size before relaxing)

.debug_line     0x0000000000000000     0x45d6
 .debug_line    0x0000000000000000       0xc6 ./build/obj/crt0_v7m.o
 .debug_line    0x00000000000000c6       0x70 ./build/obj/vectors.o
 .debug_line    0x0000000000000136       0x8a ./build/obj/chcoreasm_v7m.o
 .debug_line    0x00000000000001c0     0x4416 /tmp/ccvJG0qz.ltrans0.ltrans.o

.debug_info     0x0000000000000000     0xbb28
 .debug_info    0x0000000000000000       0x26 ./build/obj/crt0_v7m.o
 .debug_info    0x0000000000000026       0x26 ./build/obj/vectors.o
 .debug_info    0x000000000000004c       0x26 ./build/obj/chcoreasm_v7m.o
 .debug_info    0x0000000000000072     0xbab6 /tmp/ccvJG0qz.ltrans0.ltrans.o

.debug_abbrev   0x0000000000000000      0x591
 .debug_abbrev  0x0000000000000000       0x14 ./build/obj/crt0_v7m.o
 .debug_abbrev  0x0000000000000014       0x14 ./build/obj/vectors.o
 .debug_abbrev  0x0000000000000028       0x14 ./build/obj/chcoreasm_v7m.o
 .debug_abbrev  0x000000000000003c      0x555 /tmp/ccvJG0qz.ltrans0.ltrans.o

.debug_aranges  0x0000000000000000     0x12a8
 .debug_aranges
                0x0000000000000000       0x20 ./build/obj/crt0_v7m.o
 .debug_aranges
                0x0000000000000020       0x20 ./build/obj/vectors.o
 .debug_aranges
                0x0000000000000040       0x20 ./build/obj/chcoreasm_v7m.o
 .debug_aranges
                0x0000000000000060     0x1248 /tmp/ccvJG0qz.ltrans0.ltrans.o

.debug_str      0x0000000000000000     0x3831
 .debug_str     0x0000000000000000       0x7d ./build/obj/crt0_v7m.o
 .debug_str     0x000000000000007d       0x3b ./build/obj/vectors.o
                                         0x7c (size before relaxing)
 .debug_str     0x00000000000000b8       0x3f ./build/obj/chcoreasm_v7m.o
                                         0x80 (size before relaxing)
 .debug_str     0x00000000000000f7     0x373a /tmp/ccvJG0qz.ltrans0.ltrans.o
                                       0x39b3 (size before relaxing)

.debug_ranges   0x0000000000000000     0x1238
 .debug_ranges  0x0000000000000000     0x1238 /tmp/ccvJG0qz.ltrans0.ltrans.o

.debug_frame    0x0000000000000000     0x3cfc
 .debug_frame   0x0000000000000000     0x3c64 /tmp/ccvJG0qz.ltrans0.ltrans.o
 .debug_frame   0x0000000000003c64       0x2c /usr/bin/../lib/gcc/arm-none-eabi/7.3.1/thumb/v7-m/libgcc.a(_aeabi_uldivmod.o)
 .debug_frame   0x0000000000003c90       0x34 /usr/bin/../lib/gcc/arm-none-eabi/7.3.1/thumb/v7-m/libgcc.a(_udivmoddi4.o)
 .debug_frame   0x0000000000003cc4       0x38 /usr/bin/../lib/gcc/arm-none-eabi/7.3.1/../../../../arm-none-eabi/lib/thumb/v7-m/libg.a(lib_a-memset.o)

Cross Reference Table

Symbol                                            File
BusFault_Handler                                  ./build/obj/vectors.o
DebugMon_Handler                                  ./build/obj/vectors.o
EPD_Abort                                         ./build/obj/epd_comm.o (symbol from plugin)
                                                  ./build/obj/epd.o (symbol from plugin)
EPD_CreateDataBytes                               ./build/obj/epd_1_9.o (symbol from plugin)
EPD_DischargeHigh                                 ./build/obj/epd_comm.o (symbol from plugin)
                                                  ./build/obj/epd.o (symbol from plugin)
EPD_DischargeLow                                  ./build/obj/epd_comm.o (symbol from plugin)
                                                  ./build/obj/epd.o (symbol from plugin)
EPD_Initialize                                    ./build/obj/epd.o (symbol from plugin)
                                                  ./build/obj/main.o (symbol from plugin)
EPD_IsBusy                                        ./build/obj/epd_comm.o (symbol from plugin)
                                                  ./build/obj/epd.o (symbol from plugin)
EPD_MosiLow                                       ./build/obj/epd_comm.o (symbol from plugin)
                                                  ./build/obj/epd.o (symbol from plugin)
EPD_PartialUpdate                                 ./build/obj/epd.o (symbol from plugin)
                                                  ./build/obj/main.o (symbol from plugin)
EPD_PowerOff                                      ./build/obj/epd.o (symbol from plugin)
                                                  ./build/obj/main.o (symbol from plugin)
EPD_PowerOn                                       ./build/obj/epd.o (symbol from plugin)
                                                  ./build/obj/main.o (symbol from plugin)
EPD_Read                                          ./build/obj/epd.o (symbol from plugin)
EPD_ResetOff                                      ./build/obj/epd_comm.o (symbol from plugin)
                                                  ./build/obj/epd.o (symbol from plugin)
EPD_ResetOn                                       ./build/obj/epd_comm.o (symbol from plugin)
                                                  ./build/obj/epd.o (symbol from plugin)
EPD_SclkLow                                       ./build/obj/epd_comm.o (symbol from plugin)
                                                  ./build/obj/epd.o (symbol from plugin)
EPD_SleepMilliseconds                             ./build/obj/epd_comm.o (symbol from plugin)
                                                  ./build/obj/epd.o (symbol from plugin)
EPD_SpiReceive                                    ./build/obj/epd_comm.o (symbol from plugin)
                                                  ./build/obj/epd.o (symbol from plugin)
EPD_SpiSelect                                     ./build/obj/epd_comm.o (symbol from plugin)
                                                  ./build/obj/epd.o (symbol from plugin)
EPD_SpiSend                                       ./build/obj/epd_comm.o (symbol from plugin)
                                                  ./build/obj/epd.o (symbol from plugin)
EPD_SpiUnselect                                   ./build/obj/epd_comm.o (symbol from plugin)
                                                  ./build/obj/epd.o (symbol from plugin)
EPD_UpdateDisplay                                 ./build/obj/epd.o (symbol from plugin)
                                                  ./build/obj/main.o (symbol from plugin)
EPD_VccOff                                        ./build/obj/epd_comm.o (symbol from plugin)
                                                  ./build/obj/epd.o (symbol from plugin)
EPD_VccOn                                         ./build/obj/epd_comm.o (symbol from plugin)
                                                  ./build/obj/epd.o (symbol from plugin)
EPD_Write                                         ./build/obj/epd.o (symbol from plugin)
                                                  ./build/obj/epd_1_9.o (symbol from plugin)
EPD_WriteBorderDummyLine                          ./build/obj/epd_1_9.o (symbol from plugin)
                                                  ./build/obj/epd.o (symbol from plugin)
EPD_WriteFrame                                    ./build/obj/epd_1_9.o (symbol from plugin)
                                                  ./build/obj/epd.o (symbol from plugin)
EPD_WriteNothingFrame                             ./build/obj/epd_1_9.o (symbol from plugin)
                                                  ./build/obj/epd.o (symbol from plugin)
EPD_WritePartialUpdateFrame                       ./build/obj/epd_1_9.o (symbol from plugin)
                                                  ./build/obj/epd.o (symbol from plugin)
EPD_setScanByte                                   ./build/obj/epd_1_9.o (symbol from plugin)
HardFault_Handler                                 ./build/obj/vectors.o
MemManage_Handler                                 ./build/obj/vectors.o
NMI_Handler                                       ./build/obj/vectors.o
PendSV_Handler                                    ./build/obj/vectors.o
Reset_Handler                                     ./build/obj/vectors.o
SD2                                               ./build/obj/hal_serial_lld.o (symbol from plugin)
SPID2                                             ./build/obj/hal_spi_lld.o (symbol from plugin)
                                                  ./build/obj/epd_comm.o (symbol from plugin)
                                                  ./build/obj/main.o (symbol from plugin)
SVC_Handler                                       /tmp/ccvJG0qz.ltrans0.ltrans.o
                                                  ./build/obj/chcore_v7m.o (symbol from plugin)
                                                  ./build/obj/vectors.o
SysTick_Handler                                   ./build/obj/vectors.o
SystemCoreClock                                   ./build/obj/hal_lld.o (symbol from plugin)
UsageFault_Handler                                ./build/obj/vectors.o
Vector100                                         ./build/obj/vectors.o
Vector104                                         ./build/obj/vectors.o
Vector108                                         ./build/obj/vectors.o
Vector10C                                         ./build/obj/vectors.o
Vector110                                         ./build/obj/vectors.o
Vector114                                         ./build/obj/vectors.o
Vector118                                         ./build/obj/vectors.o
Vector11C                                         ./build/obj/vectors.o
Vector120                                         ./build/obj/vectors.o
Vector124                                         ./build/obj/vectors.o
Vector128                                         ./build/obj/vectors.o
Vector12C                                         ./build/obj/vectors.o
Vector130                                         ./build/obj/vectors.o
Vector134                                         ./build/obj/vectors.o
Vector138                                         ./build/obj/vectors.o
Vector13C                                         ./build/obj/vectors.o
Vector140                                         ./build/obj/vectors.o
Vector144                                         ./build/obj/vectors.o
Vector148                                         ./build/obj/vectors.o
Vector14C                                         ./build/obj/vectors.o
Vector150                                         ./build/obj/vectors.o
Vector154                                         ./build/obj/vectors.o
Vector158                                         ./build/obj/vectors.o
Vector15C                                         ./build/obj/vectors.o
Vector1C                                          ./build/obj/vectors.o
Vector20                                          ./build/obj/vectors.o
Vector24                                          ./build/obj/vectors.o
Vector28                                          ./build/obj/vectors.o
Vector34                                          ./build/obj/vectors.o
Vector40                                          ./build/obj/vectors.o
Vector44                                          ./build/obj/vectors.o
Vector48                                          ./build/obj/vectors.o
Vector4C                                          ./build/obj/vectors.o
Vector50                                          ./build/obj/vectors.o
Vector54                                          ./build/obj/vectors.o
Vector58                                          ./build/obj/vectors.o
Vector5C                                          ./build/obj/vectors.o
Vector60                                          ./build/obj/vectors.o
Vector64                                          ./build/obj/vectors.o
Vector68                                          ./build/obj/vectors.o
Vector6C                                          /tmp/ccvJG0qz.ltrans0.ltrans.o
                                                  ./build/obj/stm32_dma.o (symbol from plugin)
                                                  ./build/obj/vectors.o
Vector70                                          /tmp/ccvJG0qz.ltrans0.ltrans.o
                                                  ./build/obj/stm32_dma.o (symbol from plugin)
                                                  ./build/obj/vectors.o
Vector74                                          /tmp/ccvJG0qz.ltrans0.ltrans.o
                                                  ./build/obj/stm32_dma.o (symbol from plugin)
                                                  ./build/obj/vectors.o
Vector78                                          /tmp/ccvJG0qz.ltrans0.ltrans.o
                                                  ./build/obj/stm32_dma.o (symbol from plugin)
                                                  ./build/obj/vectors.o
Vector7C                                          /tmp/ccvJG0qz.ltrans0.ltrans.o
                                                  ./build/obj/stm32_dma.o (symbol from plugin)
                                                  ./build/obj/vectors.o
Vector80                                          /tmp/ccvJG0qz.ltrans0.ltrans.o
                                                  ./build/obj/stm32_dma.o (symbol from plugin)
                                                  ./build/obj/vectors.o
Vector84                                          /tmp/ccvJG0qz.ltrans0.ltrans.o
                                                  ./build/obj/stm32_dma.o (symbol from plugin)
                                                  ./build/obj/vectors.o
Vector88                                          ./build/obj/vectors.o
Vector8C                                          ./build/obj/vectors.o
Vector90                                          ./build/obj/vectors.o
Vector94                                          ./build/obj/vectors.o
Vector98                                          ./build/obj/vectors.o
Vector9C                                          ./build/obj/vectors.o
VectorA0                                          ./build/obj/vectors.o
VectorA4                                          ./build/obj/vectors.o
VectorA8                                          ./build/obj/vectors.o
VectorAC                                          ./build/obj/vectors.o
VectorB0                                          /tmp/ccvJG0qz.ltrans0.ltrans.o
                                                  ./build/obj/hal_st_lld.o (symbol from plugin)
                                                  ./build/obj/vectors.o
VectorB4                                          ./build/obj/vectors.o
VectorB8                                          ./build/obj/vectors.o
VectorBC                                          ./build/obj/vectors.o
VectorC0                                          ./build/obj/vectors.o
VectorC4                                          ./build/obj/vectors.o
VectorC8                                          ./build/obj/vectors.o
VectorCC                                          ./build/obj/vectors.o
VectorD0                                          ./build/obj/vectors.o
VectorD4                                          ./build/obj/vectors.o
VectorD8                                          /tmp/ccvJG0qz.ltrans0.ltrans.o
                                                  ./build/obj/hal_serial_lld.o (symbol from plugin)
                                                  ./build/obj/vectors.o
VectorDC                                          ./build/obj/vectors.o
VectorE0                                          ./build/obj/vectors.o
VectorE4                                          ./build/obj/vectors.o
VectorE8                                          ./build/obj/vectors.o
VectorEC                                          ./build/obj/vectors.o
VectorF0                                          ./build/obj/vectors.o
VectorF4                                          ./build/obj/vectors.o
VectorF8                                          ./build/obj/vectors.o
VectorFC                                          ./build/obj/vectors.o
__aeabi_idiv0                                     /usr/bin/../lib/gcc/arm-none-eabi/7.3.1/thumb/v7-m/libgcc.a(_dvmd_tls.o)
__aeabi_ldiv0                                     /usr/bin/../lib/gcc/arm-none-eabi/7.3.1/thumb/v7-m/libgcc.a(_dvmd_tls.o)
                                                  /usr/bin/../lib/gcc/arm-none-eabi/7.3.1/thumb/v7-m/libgcc.a(_aeabi_uldivmod.o)
__aeabi_uldivmod                                  /usr/bin/../lib/gcc/arm-none-eabi/7.3.1/thumb/v7-m/libgcc.a(_aeabi_uldivmod.o)
                                                  /tmp/ccvJG0qz.ltrans0.ltrans.o
__bss_base__                                      ./build/obj/crt0_v7m.o
__bss_end__                                       ./build/obj/crt0_v7m.o
__ch_delegate_fn0                                 ./build/obj/chdelegates.o (symbol from plugin)
__ch_delegate_fn1                                 ./build/obj/chdelegates.o (symbol from plugin)
__ch_delegate_fn2                                 ./build/obj/chdelegates.o (symbol from plugin)
__ch_delegate_fn3                                 ./build/obj/chdelegates.o (symbol from plugin)
__ch_delegate_fn4                                 ./build/obj/chdelegates.o (symbol from plugin)
__core_init                                       /tmp/ccvJG0qz.ltrans0.ltrans.o
                                                  ./build/obj/crt1.o (symbol from plugin)
                                                  ./build/obj/crt0_v7m.o
__data_base__                                     ./build/obj/crt0_v7m.o
__data_end__                                      ./build/obj/crt0_v7m.o
__default_exit                                    /tmp/ccvJG0qz.ltrans0.ltrans.o
                                                  ./build/obj/crt1.o (symbol from plugin)
                                                  ./build/obj/crt0_v7m.o
__early_init                                      /tmp/ccvJG0qz.ltrans0.ltrans.o
                                                  ./build/obj/board.o (symbol from plugin)
                                                  ./build/obj/crt1.o (symbol from plugin)
                                                  ./build/obj/crt0_v7m.o
__fini_array_base__                               ./build/obj/crt0_v7m.o
__fini_array_end__                                ./build/obj/crt0_v7m.o
__heap_base__                                     /tmp/ccvJG0qz.ltrans0.ltrans.o
                                                  ./build/obj/chmemcore.o (symbol from plugin)
__heap_end__                                      /tmp/ccvJG0qz.ltrans0.ltrans.o
                                                  ./build/obj/chmemcore.o (symbol from plugin)
__init_array_base__                               ./build/obj/crt0_v7m.o
__init_array_end__                                ./build/obj/crt0_v7m.o
__init_ram_areas                                  /tmp/ccvJG0qz.ltrans0.ltrans.o
                                                  ./build/obj/crt1.o (symbol from plugin)
                                                  ./build/obj/crt0_v7m.o
__late_init                                       /tmp/ccvJG0qz.ltrans0.ltrans.o
                                                  ./build/obj/crt1.o (symbol from plugin)
                                                  ./build/obj/crt0_v7m.o
__main_stack_base__                               ./build/obj/crt0_v7m.o
__main_stack_end__                                ./build/obj/vectors.o
                                                  ./build/obj/crt0_v7m.o
__process_stack_base__                            ./build/obj/crt0_v7m.o
__process_stack_end__                             ./build/obj/crt0_v7m.o
__ram0_clear__                                    /tmp/ccvJG0qz.ltrans0.ltrans.o
                                                  ./build/obj/crt1.o (symbol from plugin)
__ram0_init__                                     /tmp/ccvJG0qz.ltrans0.ltrans.o
                                                  ./build/obj/crt1.o (symbol from plugin)
__ram0_init_text__                                /tmp/ccvJG0qz.ltrans0.ltrans.o
                                                  ./build/obj/crt1.o (symbol from plugin)
__ram0_noinit__                                   /tmp/ccvJG0qz.ltrans0.ltrans.o
                                                  ./build/obj/crt1.o (symbol from plugin)
__ram1_clear__                                    /tmp/ccvJG0qz.ltrans0.ltrans.o
                                                  ./build/obj/crt1.o (symbol from plugin)
__ram1_init__                                     /tmp/ccvJG0qz.ltrans0.ltrans.o
                                                  ./build/obj/crt1.o (symbol from plugin)
__ram1_init_text__                                /tmp/ccvJG0qz.ltrans0.ltrans.o
                                                  ./build/obj/crt1.o (symbol from plugin)
__ram1_noinit__                                   /tmp/ccvJG0qz.ltrans0.ltrans.o
                                                  ./build/obj/crt1.o (symbol from plugin)
__ram2_clear__                                    /tmp/ccvJG0qz.ltrans0.ltrans.o
                                                  ./build/obj/crt1.o (symbol from plugin)
__ram2_init__                                     /tmp/ccvJG0qz.ltrans0.ltrans.o
                                                  ./build/obj/crt1.o (symbol from plugin)
__ram2_init_text__                                /tmp/ccvJG0qz.ltrans0.ltrans.o
                                                  ./build/obj/crt1.o (symbol from plugin)
__ram2_noinit__                                   /tmp/ccvJG0qz.ltrans0.ltrans.o
                                                  ./build/obj/crt1.o (symbol from plugin)
__ram3_clear__                                    /tmp/ccvJG0qz.ltrans0.ltrans.o
                                                  ./build/obj/crt1.o (symbol from plugin)
__ram3_init__                                     /tmp/ccvJG0qz.ltrans0.ltrans.o
                                                  ./build/obj/crt1.o (symbol from plugin)
__ram3_init_text__                                /tmp/ccvJG0qz.ltrans0.ltrans.o
                                                  ./build/obj/crt1.o (symbol from plugin)
__ram3_noinit__                                   /tmp/ccvJG0qz.ltrans0.ltrans.o
                                                  ./build/obj/crt1.o (symbol from plugin)
__ram4_clear__                                    /tmp/ccvJG0qz.ltrans0.ltrans.o
                                                  ./build/obj/crt1.o (symbol from plugin)
__ram4_init__                                     /tmp/ccvJG0qz.ltrans0.ltrans.o
                                                  ./build/obj/crt1.o (symbol from plugin)
__ram4_init_text__                                /tmp/ccvJG0qz.ltrans0.ltrans.o
                                                  ./build/obj/crt1.o (symbol from plugin)
__ram4_noinit__                                   /tmp/ccvJG0qz.ltrans0.ltrans.o
                                                  ./build/obj/crt1.o (symbol from plugin)
__ram5_clear__                                    /tmp/ccvJG0qz.ltrans0.ltrans.o
                                                  ./build/obj/crt1.o (symbol from plugin)
__ram5_init__                                     /tmp/ccvJG0qz.ltrans0.ltrans.o
                                                  ./build/obj/crt1.o (symbol from plugin)
__ram5_init_text__                                /tmp/ccvJG0qz.ltrans0.ltrans.o
                                                  ./build/obj/crt1.o (symbol from plugin)